Using pre-set license
Built from '2022.3/staging' branch; Version is '2022.3.49f1 (4dae1bb8668d) revision 5090843'; Using compiler version '192829333'; Build Type 'Release'
OS: 'Windows 10  (10.0.19045) 64bit CoreSingleLanguage' Language: 'ru' Physical Memory: 20394 MB
BatchMode: 1, IsHumanControllingUs: 0, StartBugReporterOnCrash: 0, Is64bit: 1, IsPro: 1

COMMAND LINE ARGUMENTS:
C:\Program Files\Unity\Hub\Editor\2022.3.49f1\Editor\Unity.exe
-adb2
-batchMode
-noUpm
-name
AssetImportWorker0
-projectPath
C:/Users/USer/My project
-logFile
Logs/AssetImportWorker0.log
-srvPort
61584
Successfully changed project path to: C:/Users/USer/My project
C:/Users/USer/My project
[UnityMemory] Configuration Parameters - Can be set up in boot.config
    "memorysetup-bucket-allocator-granularity=16"
    "memorysetup-bucket-allocator-bucket-count=8"
    "memorysetup-bucket-allocator-block-size=33554432"
    "memorysetup-bucket-allocator-block-count=8"
    "memorysetup-main-allocator-block-size=16777216"
    "memorysetup-thread-allocator-block-size=16777216"
    "memorysetup-gfx-main-allocator-block-size=16777216"
    "memorysetup-gfx-thread-allocator-block-size=16777216"
    "memorysetup-cache-allocator-block-size=4194304"
    "memorysetup-typetree-allocator-block-size=2097152"
    "memorysetup-profiler-bucket-allocator-granularity=16"
    "memorysetup-profiler-bucket-allocator-bucket-count=8"
    "memorysetup-profiler-bucket-allocator-block-size=33554432"
    "memorysetup-profiler-bucket-allocator-block-count=8"
    "memorysetup-profiler-allocator-block-size=16777216"
    "memorysetup-profiler-editor-allocator-block-size=1048576"
    "memorysetup-temp-allocator-size-main=16777216"
    "memorysetup-job-temp-allocator-block-size=2097152"
    "memorysetup-job-temp-allocator-block-size-background=1048576"
    "memorysetup-job-temp-allocator-reduction-small-platforms=262144"
    "memorysetup-allocator-temp-initial-block-size-main=262144"
    "memorysetup-allocator-temp-initial-block-size-worker=262144"
    "memorysetup-temp-allocator-size-background-worker=32768"
    "memorysetup-temp-allocator-size-job-worker=262144"
    "memorysetup-temp-allocator-size-preload-manager=33554432"
    "memorysetup-temp-allocator-size-nav-mesh-worker=65536"
    "memorysetup-temp-allocator-size-audio-worker=65536"
    "memorysetup-temp-allocator-size-cloud-worker=32768"
    "memorysetup-temp-allocator-size-gi-baking-worker=262144"
    "memorysetup-temp-allocator-size-gfx=262144"
Player connection [2356]  Target information:

Player connection [2356]  * "[IP] 192.168.0.106 [Port] 0 [Flags] 2 [Guid] 1045563439 [EditorId] 1045563439 [Version] 1048832 [Id] WindowsEditor(7,LAPTOP-1S99RUB5) [Debug] 1 [PackageName] WindowsEditor [ProjectName] Editor" 

Player connection [2356]  * "[IP] 192.168.0.101 [Port] 0 [Flags] 2 [Guid] 1045563439 [EditorId] 1045563439 [Version] 1048832 [Id] WindowsEditor(7,LAPTOP-1S99RUB5) [Debug] 1 [PackageName] WindowsEditor [ProjectName] Editor" 

Player connection [2356] Host joined multi-casting on [225.0.0.222:54997]...
Player connection [2356] Host joined alternative multi-casting on [225.0.0.222:34997]...
[PhysX] Initialized MultithreadedTaskDispatcher with 8 workers.
Refreshing native plugins compatible for Editor in 31.40 ms, found 4 plugins.
Preloading 0 native plugins for Editor in 0.00 ms.
Initialize engine version: 2022.3.49f1 (4dae1bb8668d)
[Subsystems] Discovering subsystems at path C:/Program Files/Unity/Hub/Editor/2022.3.49f1/Editor/Data/Resources/UnitySubsystems
[Subsystems] Discovering subsystems at path C:/Users/USer/My project/Assets
GfxDevice: creating device client; threaded=0; jobified=0
Direct3D:
    Version:  Direct3D 11.0 [level 11.1]
    Renderer: NVIDIA GeForce GTX 1050 (ID=0x1c8d)
    Vendor:   NVIDIA
    VRAM:     1977 MB
    Driver:   27.21.14.5709
Initialize mono
Mono path[0] = 'C:/Program Files/Unity/Hub/Editor/2022.3.49f1/Editor/Data/Managed'
Mono path[1] = 'C:/Program Files/Unity/Hub/Editor/2022.3.49f1/Editor/Data/MonoBleedingEdge/lib/mono/unityjit-win32'
Mono config path = 'C:/Program Files/Unity/Hub/Editor/2022.3.49f1/Editor/Data/MonoBleedingEdge/etc'
Using monoOptions --debugger-agent=transport=dt_socket,embedding=1,server=y,suspend=n,address=127.0.0.1:56036
Begin MonoManager ReloadAssembly
Registering precompiled unity dll's ...
Register platform support module: C:/Program Files/Unity/Hub/Editor/2022.3.49f1/Editor/Data/PlaybackEngines/WebGLSupport/UnityEditor.WebGL.Extensions.dll
Register platform support module: C:/Program Files/Unity/Hub/Editor/2022.3.49f1/Editor/Data/PlaybackEngines/WindowsStandaloneSupport/UnityEditor.WindowsStandalone.Extensions.dll
Registered in 0.032303 seconds.
- Loaded All Assemblies, in  0.915 seconds
Native extension for WindowsStandalone target not found
Native extension for WebGL target not found
Mono: successfully reloaded assembly
- Finished resetting the current domain, in  0.634 seconds
Domain Reload Profiling: 1544ms
	BeginReloadAssembly (278ms)
		ExecutionOrderSort (0ms)
		DisableScriptedObjects (0ms)
		BackupInstance (0ms)
		ReleaseScriptingObjects (0ms)
		CreateAndSetChildDomain (2ms)
	RebuildCommonClasses (86ms)
	RebuildNativeTypeToScriptingClass (32ms)
	initialDomainReloadingComplete (174ms)
	LoadAllAssembliesAndSetupDomain (339ms)
		LoadAssemblies (274ms)
		RebuildTransferFunctionScriptingTraits (0ms)
		AnalyzeDomain (335ms)
			TypeCache.Refresh (332ms)
				TypeCache.ScanAssembly (299ms)
			ScanForSourceGeneratedMonoScriptInfo (1ms)
			ResolveRequiredComponents (1ms)
	FinalizeReload (635ms)
		ReleaseScriptCaches (0ms)
		RebuildScriptCaches (0ms)
		SetupLoadedEditorAssemblies (526ms)
			LogAssemblyErrors (0ms)
			InitializePlatformSupportModulesInManaged (30ms)
			SetLoadedEditorAssemblies (13ms)
			RefreshPlugins (0ms)
			BeforeProcessingInitializeOnLoad (5ms)
			ProcessInitializeOnLoadAttributes (362ms)
			ProcessInitializeOnLoadMethodAttributes (117ms)
			AfterProcessingInitializeOnLoad (0ms)
			EditorAssembliesLoaded (0ms)
		ExecutionOrderSort2 (0ms)
		AwakeInstancesAfterBackupRestoration (0ms)
========================================================================
Worker process is ready to serve import requests
Caller must complete domain reload
Begin MonoManager ReloadAssembly
- Loaded All Assemblies, in  1.986 seconds
Native extension for WindowsStandalone target not found
Native extension for WebGL target not found
Mono: successfully reloaded assembly
- Finished resetting the current domain, in  2.219 seconds
Domain Reload Profiling: 4193ms
	BeginReloadAssembly (364ms)
		ExecutionOrderSort (0ms)
		DisableScriptedObjects (12ms)
		BackupInstance (0ms)
		ReleaseScriptingObjects (0ms)
		CreateAndSetChildDomain (44ms)
	RebuildCommonClasses (84ms)
	RebuildNativeTypeToScriptingClass (30ms)
	initialDomainReloadingComplete (107ms)
	LoadAllAssembliesAndSetupDomain (1389ms)
		LoadAssemblies (895ms)
		RebuildTransferFunctionScriptingTraits (0ms)
		AnalyzeDomain (720ms)
			TypeCache.Refresh (618ms)
				TypeCache.ScanAssembly (575ms)
			ScanForSourceGeneratedMonoScriptInfo (71ms)
			ResolveRequiredComponents (28ms)
	FinalizeReload (2220ms)
		ReleaseScriptCaches (0ms)
		RebuildScriptCaches (0ms)
		SetupLoadedEditorAssemblies (1821ms)
			LogAssemblyErrors (0ms)
			InitializePlatformSupportModulesInManaged (21ms)
			SetLoadedEditorAssemblies (12ms)
			RefreshPlugins (0ms)
			BeforeProcessingInitializeOnLoad (216ms)
			ProcessInitializeOnLoadAttributes (1381ms)
			ProcessInitializeOnLoadMethodAttributes (167ms)
			AfterProcessingInitializeOnLoad (23ms)
			EditorAssembliesLoaded (0ms)
		ExecutionOrderSort2 (0ms)
		AwakeInstancesAfterBackupRestoration (20ms)
Launched and connected shader compiler UnityShaderCompiler.exe after 0.13 seconds
Refreshing native plugins compatible for Editor in 15.59 ms, found 4 plugins.
Preloading 0 native plugins for Editor in 0.00 ms.
Unloading 5947 Unused Serialized files (Serialized files now loaded: 0)
Unloading 46 unused Assets / (2.1 MB). Loaded Objects now: 6433.
Memory consumption went from 253.8 MB to 251.7 MB.
Total: 10.210400 ms (FindLiveObjects: 0.759900 ms CreateObjectMapping: 0.765800 ms MarkObjects: 8.087500 ms  DeleteObjects: 0.595900 ms)

AssetImportParameters requested are different than current active one (requested -> active):
  custom:container-demuxer-ogg: 62fdf1f143b41e24485cea50d1cbac27 -> 
  custom:video-codec-MediaFoundation-h265: 746d11721c4dcdbdad8f713fa42b33f4 -> 
  custom:video-decoder-ogg-theora: a1e56fd34408186e4bbccfd4996cb3dc -> 
  custom:framework-win-MediaFoundation: 216162199b28c13a410421893ffa2e32 -> 
  custom:CustomObjectIndexerAttribute: 3ead1caaecf1c488f20bcfeb224b6af5 -> 
  custom:container-demuxer-webm: 4f35f7cbe854078d1ac9338744f61a02 -> 
  custom:container-muxer-webm: aa71ff27fc2769a1b78a27578f13a17b -> 
  custom:video-decoder-webm-vp8: 9c59270c3fd7afecdb556c50c9e8de78 -> 
  custom:SearchIndexIgnoredProperties: e643bd26f0fe6173181afceb89e7c659 -> 
  custom:AudioImporter_EditorPlatform: d09bf68614088b80899f8185d706f6e7 -> 
  custom:video-encoder-webm-vp8: eb34c28f22e8b96e1ab97ce403110664 -> 
  custom:audio-decoder-ogg-vorbis: bf7c407c2cedff20999df2af8eb42d56 -> 
  custom:audio-encoder-webm-vorbis: bf7c407c2cedff20999df2af8eb42d56 -> 
========================================================================
Received Import Request.
  Time since last request: 760943.295485 seconds.
  path: Assets/Office Pack/Models/Laptop/Laptop/Laptop_LOD0.fbx
  artifactKey: Guid(0c8e613ecee7f3947a03b219c92ceb13) Importer(815301076,1909f56bfc062723c751e8b465ee728b)
Start importing Assets/Office Pack/Models/Laptop/Laptop/Laptop_LOD0.fbx using Guid(0c8e613ecee7f3947a03b219c92ceb13) Importer(815301076,1909f56bfc062723c751e8b465ee728b) [PhysX] Initialized MultithreadedTaskDispatcher with 8 workers.
[PhysX] Initialized MultithreadedTaskDispatcher with 8 workers.
[PhysX] Initialized MultithreadedTaskDispatcher with 8 workers.
[PhysX] Initialized MultithreadedTaskDispatcher with 8 workers.
[PhysX] Initialized MultithreadedTaskDispatcher with 8 workers.
[PhysX] Initialized MultithreadedTaskDispatcher with 8 workers.
[PhysX] Initialized MultithreadedTaskDispatcher with 8 workers.
[PhysX] Initialized MultithreadedTaskDispatcher with 8 workers.
[PhysX] Initialized MultithreadedTaskDispatcher with 8 workers.
 -> (artifact id: '747fb351bdbfac7a1d58711c0ad2d72c') in 0.841225 seconds
Number of updated asset objects reloaded before import = 0
Number of asset objects unloaded after import = 49
========================================================================
Received Import Request.
  Time since last request: 0.000053 seconds.
  path: Assets/Fries and Seagull/Interior 01/Models/Floor.fbx
  artifactKey: Guid(8b9c5987b2cfe134e9df32a06a230794) Importer(815301076,1909f56bfc062723c751e8b465ee728b)
Start importing Assets/Fries and Seagull/Interior 01/Models/Floor.fbx using Guid(8b9c5987b2cfe134e9df32a06a230794) Importer(815301076,1909f56bfc062723c751e8b465ee728b) [PhysX] Initialized MultithreadedTaskDispatcher with 8 workers.
[PhysX] Initialized MultithreadedTaskDispatcher with 8 workers.
[PhysX] Initialized MultithreadedTaskDispatcher with 8 workers.
[PhysX] Initialized MultithreadedTaskDispatcher with 8 workers.
[PhysX] Initialized MultithreadedTaskDispatcher with 8 workers.
[PhysX] Initialized MultithreadedTaskDispatcher with 8 workers.
[PhysX] Initialized MultithreadedTaskDispatcher with 8 workers.
[PhysX] Initialized MultithreadedTaskDispatcher with 8 workers.
[PhysX] Initialized MultithreadedTaskDispatcher with 8 workers.
[PhysX] Initialized MultithreadedTaskDispatcher with 8 workers.
 -> (artifact id: 'f52f59fd58779a4129c8eddaf4ef648b') in 0.110072 seconds
Number of updated asset objects reloaded before import = 0
Number of asset objects unloaded after import = 24
========================================================================
Received Import Request.
  Time since last request: 0.000035 seconds.
  path: Assets/Office Pack/Models/Laptop/Notebook/Notebook_LOD1.fbx
  artifactKey: Guid(bed6e7fa51e96204390cb7aa8663599c) Importer(815301076,1909f56bfc062723c751e8b465ee728b)
Start importing Assets/Office Pack/Models/Laptop/Notebook/Notebook_LOD1.fbx using Guid(bed6e7fa51e96204390cb7aa8663599c) Importer(815301076,1909f56bfc062723c751e8b465ee728b) [PhysX] Initialized MultithreadedTaskDispatcher with 8 workers.
[PhysX] Initialized MultithreadedTaskDispatcher with 8 workers.
[PhysX] Initialized MultithreadedTaskDispatcher with 8 workers.
[PhysX] Initialized MultithreadedTaskDispatcher with 8 workers.
[PhysX] Initialized MultithreadedTaskDispatcher with 8 workers.
[PhysX] Initialized MultithreadedTaskDispatcher with 8 workers.
[PhysX] Initialized MultithreadedTaskDispatcher with 8 workers.
[PhysX] Initialized MultithreadedTaskDispatcher with 8 workers.
[PhysX] Initialized MultithreadedTaskDispatcher with 8 workers.
 -> (artifact id: 'c2e725b060c8fdb30a7f270e41707664') in 0.095594 seconds
Number of updated asset objects reloaded before import = 0
Number of asset objects unloaded after import = 30
========================================================================
Received Import Request.
  Time since last request: 0.000039 seconds.
  path: Assets/Office Pack/Models/Laptop/Laptop/Laptop_LOD2.fbx
  artifactKey: Guid(1fea22a79bd357641afdf8be0002a977) Importer(815301076,1909f56bfc062723c751e8b465ee728b)
Start importing Assets/Office Pack/Models/Laptop/Laptop/Laptop_LOD2.fbx using Guid(1fea22a79bd357641afdf8be0002a977) Importer(815301076,1909f56bfc062723c751e8b465ee728b) [PhysX] Initialized MultithreadedTaskDispatcher with 8 workers.
[PhysX] Initialized MultithreadedTaskDispatcher with 8 workers.
[PhysX] Initialized MultithreadedTaskDispatcher with 8 workers.
[PhysX] Initialized MultithreadedTaskDispatcher with 8 workers.
[PhysX] Initialized MultithreadedTaskDispatcher with 8 workers.
[PhysX] Initialized MultithreadedTaskDispatcher with 8 workers.
[PhysX] Initialized MultithreadedTaskDispatcher with 8 workers.
[PhysX] Initialized MultithreadedTaskDispatcher with 8 workers.
[PhysX] Initialized MultithreadedTaskDispatcher with 8 workers.
 -> (artifact id: 'f6aba1a52e1a8b64f2b919fa7846ad50') in 0.076506 seconds
Number of updated asset objects reloaded before import = 0
Number of asset objects unloaded after import = 30
========================================================================
Received Import Request.
  Time since last request: 1310.850303 seconds.
  path: Assets/FastMesh/Materials/Red 1.mat
  artifactKey: Guid(750a2b6dee8857c41b8a1d5b4dc76739) Importer(815301076,1909f56bfc062723c751e8b465ee728b)
Start importing Assets/FastMesh/Materials/Red 1.mat using Guid(750a2b6dee8857c41b8a1d5b4dc76739) Importer(815301076,1909f56bfc062723c751e8b465ee728b) [PhysX] Initialized MultithreadedTaskDispatcher with 8 workers.
[PhysX] Initialized MultithreadedTaskDispatcher with 8 workers.
 -> (artifact id: 'c401908aa4a07e8a0d253960204c8c7b') in 0.035299 seconds
Number of updated asset objects reloaded before import = 0
Number of asset objects unloaded after import = 2
========================================================================
Received Import Request.
  Time since last request: 5.950388 seconds.
  path: Assets/Fries and Seagull/Interior 01/Effect/Wind Stripe.prefab
  artifactKey: Guid(53c8bc65bc621c346af1fccc154a5ce7) Importer(815301076,1909f56bfc062723c751e8b465ee728b)
Start importing Assets/Fries and Seagull/Interior 01/Effect/Wind Stripe.prefab using Guid(53c8bc65bc621c346af1fccc154a5ce7) Importer(815301076,1909f56bfc062723c751e8b465ee728b) [PhysX] Initialized MultithreadedTaskDispatcher with 8 workers.
[PhysX] Initialized MultithreadedTaskDispatcher with 8 workers.
 -> (artifact id: 'af45d2ed1258393262cf63d8ce69bbae') in 0.063034 seconds
Number of updated asset objects reloaded before import = 0
Number of asset objects unloaded after import = 11
========================================================================
Received Prepare
Caller must complete domain reload
Begin MonoManager ReloadAssembly
- Loaded All Assemblies, in  2.821 seconds
Native extension for WindowsStandalone target not found
Native extension for WebGL target not found
Mono: successfully reloaded assembly
- Finished resetting the current domain, in  1.949 seconds
Domain Reload Profiling: 4764ms
	BeginReloadAssembly (1975ms)
		ExecutionOrderSort (0ms)
		DisableScriptedObjects (1624ms)
		BackupInstance (0ms)
		ReleaseScriptingObjects (0ms)
		CreateAndSetChildDomain (103ms)
	RebuildCommonClasses (70ms)
	RebuildNativeTypeToScriptingClass (27ms)
	initialDomainReloadingComplete (64ms)
	LoadAllAssembliesAndSetupDomain (678ms)
		LoadAssemblies (762ms)
		RebuildTransferFunctionScriptingTraits (0ms)
		AnalyzeDomain (93ms)
			TypeCache.Refresh (18ms)
				TypeCache.ScanAssembly (1ms)
			ScanForSourceGeneratedMonoScriptInfo (52ms)
			ResolveRequiredComponents (20ms)
	FinalizeReload (1950ms)
		ReleaseScriptCaches (0ms)
		RebuildScriptCaches (0ms)
		SetupLoadedEditorAssemblies (1479ms)
			LogAssemblyErrors (0ms)
			InitializePlatformSupportModulesInManaged (31ms)
			SetLoadedEditorAssemblies (10ms)
			RefreshPlugins (0ms)
			BeforeProcessingInitializeOnLoad (183ms)
			ProcessInitializeOnLoadAttributes (1106ms)
			ProcessInitializeOnLoadMethodAttributes (132ms)
			AfterProcessingInitializeOnLoad (18ms)
			EditorAssembliesLoaded (0ms)
		ExecutionOrderSort2 (0ms)
		AwakeInstancesAfterBackupRestoration (46ms)
Refreshing native plugins compatible for Editor in 10.64 ms, found 4 plugins.
Preloading 0 native plugins for Editor in 0.00 ms.
Unloading 5734 Unused Serialized files (Serialized files now loaded: 0)
Unloading 55 unused Assets / (2.0 MB). Loaded Objects now: 6499.
Memory consumption went from 223.1 MB to 221.1 MB.
Total: 8.991300 ms (FindLiveObjects: 0.685600 ms CreateObjectMapping: 0.594100 ms MarkObjects: 7.007600 ms  DeleteObjects: 0.702500 ms)

Prepare: number of updated asset objects reloaded= 0
AssetImportParameters requested are different than current active one (requested -> active):
  custom:container-demuxer-ogg: 62fdf1f143b41e24485cea50d1cbac27 -> 
  custom:video-codec-MediaFoundation-h265: 746d11721c4dcdbdad8f713fa42b33f4 -> 
  custom:video-decoder-ogg-theora: a1e56fd34408186e4bbccfd4996cb3dc -> 
  custom:framework-win-MediaFoundation: 216162199b28c13a410421893ffa2e32 -> 
  custom:CustomObjectIndexerAttribute: 3ead1caaecf1c488f20bcfeb224b6af5 -> 
  custom:container-demuxer-webm: 4f35f7cbe854078d1ac9338744f61a02 -> 
  custom:container-muxer-webm: aa71ff27fc2769a1b78a27578f13a17b -> 
  custom:video-decoder-webm-vp8: 9c59270c3fd7afecdb556c50c9e8de78 -> 
  custom:SearchIndexIgnoredProperties: e643bd26f0fe6173181afceb89e7c659 -> 
  custom:AudioImporter_EditorPlatform: d09bf68614088b80899f8185d706f6e7 -> 
  custom:video-encoder-webm-vp8: eb34c28f22e8b96e1ab97ce403110664 -> 
  custom:audio-decoder-ogg-vorbis: bf7c407c2cedff20999df2af8eb42d56 -> 
  custom:audio-encoder-webm-vorbis: bf7c407c2cedff20999df2af8eb42d56 -> 
  custom:scripting/precompiled-assembly-types:Assembly-CSharp: 812091d989c9b9c9b4dc5f42e99d775f -> 286fde1478d0c18795816b87189dc57e
========================================================================
Received Import Request.
  Time since last request: 59.148866 seconds.
  path: Assets/Fries and Seagull/Interior 01/Prefabs/Air Conditioner Ext.prefab
  artifactKey: Guid(0291aaffe4788f44093f251e3e5f74f8) Importer(815301076,1909f56bfc062723c751e8b465ee728b)
Start importing Assets/Fries and Seagull/Interior 01/Prefabs/Air Conditioner Ext.prefab using Guid(0291aaffe4788f44093f251e3e5f74f8) Importer(815301076,1909f56bfc062723c751e8b465ee728b) [PhysX] Initialized MultithreadedTaskDispatcher with 8 workers.
[PhysX] Initialized MultithreadedTaskDispatcher with 8 workers.
 -> (artifact id: '1f20c87e8da62d7747ee3e7db9c2c9b5') in 0.594753 seconds
Number of updated asset objects reloaded before import = 0
Number of asset objects unloaded after import = 82
========================================================================
Received Import Request.
  Time since last request: 0.000031 seconds.
  path: Assets/Fries and Seagull/Interior 01/Prefabs/Computer Case.prefab
  artifactKey: Guid(04f08f292eba51c42b3221947ffc83bb) Importer(815301076,1909f56bfc062723c751e8b465ee728b)
Start importing Assets/Fries and Seagull/Interior 01/Prefabs/Computer Case.prefab using Guid(04f08f292eba51c42b3221947ffc83bb) Importer(815301076,1909f56bfc062723c751e8b465ee728b) [PhysX] Initialized MultithreadedTaskDispatcher with 8 workers.
[PhysX] Initialized MultithreadedTaskDispatcher with 8 workers.
 -> (artifact id: '2480292c96fe3877b386697b4fb26cf6') in 0.028131 seconds
Number of updated asset objects reloaded before import = 0
Number of asset objects unloaded after import = 41
========================================================================
Received Import Request.
  Time since last request: 0.000048 seconds.
  path: Assets/Fries and Seagull/Interior 01/Prefabs/Audio.prefab
  artifactKey: Guid(963595dfb673b454bb16a8d7ae5687fd) Importer(815301076,1909f56bfc062723c751e8b465ee728b)
Start importing Assets/Fries and Seagull/Interior 01/Prefabs/Audio.prefab using Guid(963595dfb673b454bb16a8d7ae5687fd) Importer(815301076,1909f56bfc062723c751e8b465ee728b) [PhysX] Initialized MultithreadedTaskDispatcher with 8 workers.
[PhysX] Initialized MultithreadedTaskDispatcher with 8 workers.
 -> (artifact id: '735a7d422f1d678b58853f021433e18f') in 0.035741 seconds
Number of updated asset objects reloaded before import = 0
Number of asset objects unloaded after import = 27
========================================================================
Received Import Request.
  Time since last request: 0.000034 seconds.
  path: Assets/Fries and Seagull/Interior 01/Prefabs/Suitcase.prefab
  artifactKey: Guid(8a26cc9a385595b40a0c16afeac032fd) Importer(815301076,1909f56bfc062723c751e8b465ee728b)
Start importing Assets/Fries and Seagull/Interior 01/Prefabs/Suitcase.prefab using Guid(8a26cc9a385595b40a0c16afeac032fd) Importer(815301076,1909f56bfc062723c751e8b465ee728b) [PhysX] Initialized MultithreadedTaskDispatcher with 8 workers.
[PhysX] Initialized MultithreadedTaskDispatcher with 8 workers.
 -> (artifact id: 'dd91e7cef8239181331ce71b06fb8823') in 0.032272 seconds
Number of updated asset objects reloaded before import = 0
Number of asset objects unloaded after import = 80
========================================================================
Received Import Request.
  Time since last request: 0.000027 seconds.
  path: Assets/Fries and Seagull/Interior 01/Prefabs/Air Conditioner Int. Wireless.prefab
  artifactKey: Guid(16c4aff8b3513c24c9462cbf6a2f8ee7) Importer(815301076,1909f56bfc062723c751e8b465ee728b)
Start importing Assets/Fries and Seagull/Interior 01/Prefabs/Air Conditioner Int. Wireless.prefab using Guid(16c4aff8b3513c24c9462cbf6a2f8ee7) Importer(815301076,1909f56bfc062723c751e8b465ee728b) [PhysX] Initialized MultithreadedTaskDispatcher with 8 workers.
[PhysX] Initialized MultithreadedTaskDispatcher with 8 workers.
 -> (artifact id: '6112a4d3f7d4400969349917cd71d037') in 0.030679 seconds
Number of updated asset objects reloaded before import = 0
Number of asset objects unloaded after import = 65
========================================================================
Received Import Request.
  Time since last request: 0.000028 seconds.
  path: Assets/Fries and Seagull/Interior 01/Prefabs/Ceilling Light.prefab
  artifactKey: Guid(943bb5fa6ac782143b7561037a737f5c) Importer(815301076,1909f56bfc062723c751e8b465ee728b)
Start importing Assets/Fries and Seagull/Interior 01/Prefabs/Ceilling Light.prefab using Guid(943bb5fa6ac782143b7561037a737f5c) Importer(815301076,1909f56bfc062723c751e8b465ee728b) [PhysX] Initialized MultithreadedTaskDispatcher with 8 workers.
[PhysX] Initialized MultithreadedTaskDispatcher with 8 workers.
 -> (artifact id: 'c7c85fd4b2975a1e0df0cf6fa94a021e') in 0.053879 seconds
Number of updated asset objects reloaded before import = 0
Number of asset objects unloaded after import = 35
========================================================================
Received Import Request.
  Time since last request: 0.000034 seconds.
  path: Assets/Fries and Seagull/Interior 01/Prefabs/Computer Monitor.prefab
  artifactKey: Guid(e957031badb353f44884ce0bb321c2a2) Importer(815301076,1909f56bfc062723c751e8b465ee728b)
Start importing Assets/Fries and Seagull/Interior 01/Prefabs/Computer Monitor.prefab using Guid(e957031badb353f44884ce0bb321c2a2) Importer(815301076,1909f56bfc062723c751e8b465ee728b) [PhysX] Initialized MultithreadedTaskDispatcher with 8 workers.
[PhysX] Initialized MultithreadedTaskDispatcher with 8 workers.
 -> (artifact id: '0d4a98155ee5cf245abd89afc48f9eb2') in 0.030695 seconds
Number of updated asset objects reloaded before import = 0
Number of asset objects unloaded after import = 69
========================================================================
Received Import Request.
  Time since last request: 40.822317 seconds.
  path: Assets/Office Pack/Demo.unity
  artifactKey: Guid(c4a5c7cd902bf104a86f7cf77995e3f6) Importer(815301076,1909f56bfc062723c751e8b465ee728b)
Start importing Assets/Office Pack/Demo.unity using Guid(c4a5c7cd902bf104a86f7cf77995e3f6) Importer(815301076,1909f56bfc062723c751e8b465ee728b) [PhysX] Initialized MultithreadedTaskDispatcher with 8 workers.
 -> (artifact id: '72b45464cbcb189a6648565eb857ef94') in 0.000965 seconds
Number of updated asset objects reloaded before import = 0
Number of asset objects unloaded after import = 0
========================================================================
Received Prepare
Caller must complete domain reload
Begin MonoManager ReloadAssembly
- Loaded All Assemblies, in  1.192 seconds
Native extension for WindowsStandalone target not found
Native extension for WebGL target not found
Mono: successfully reloaded assembly
- Finished resetting the current domain, in  4.058 seconds
Domain Reload Profiling: 5241ms
	BeginReloadAssembly (371ms)
		ExecutionOrderSort (0ms)
		DisableScriptedObjects (38ms)
		BackupInstance (0ms)
		ReleaseScriptingObjects (0ms)
		CreateAndSetChildDomain (83ms)
	RebuildCommonClasses (85ms)
	RebuildNativeTypeToScriptingClass (30ms)
	initialDomainReloadingComplete (72ms)
	LoadAllAssembliesAndSetupDomain (625ms)
		LoadAssemblies (769ms)
		RebuildTransferFunctionScriptingTraits (0ms)
		AnalyzeDomain (46ms)
			TypeCache.Refresh (14ms)
				TypeCache.ScanAssembly (0ms)
			ScanForSourceGeneratedMonoScriptInfo (1ms)
			ResolveRequiredComponents (29ms)
	FinalizeReload (4059ms)
		ReleaseScriptCaches (0ms)
		RebuildScriptCaches (0ms)
		SetupLoadedEditorAssemblies (1791ms)
			LogAssemblyErrors (0ms)
			InitializePlatformSupportModulesInManaged (24ms)
			SetLoadedEditorAssemblies (8ms)
			RefreshPlugins (0ms)
			BeforeProcessingInitializeOnLoad (227ms)
			ProcessInitializeOnLoadAttributes (1362ms)
			ProcessInitializeOnLoadMethodAttributes (149ms)
			AfterProcessingInitializeOnLoad (21ms)
			EditorAssembliesLoaded (0ms)
		ExecutionOrderSort2 (0ms)
		AwakeInstancesAfterBackupRestoration (49ms)
Refreshing native plugins compatible for Editor in 15.09 ms, found 4 plugins.
Preloading 0 native plugins for Editor in 0.00 ms.
Unloading 5734 Unused Serialized files (Serialized files now loaded: 0)
Unloading 33 unused Assets / (2.0 MB). Loaded Objects now: 6541.
Memory consumption went from 223.2 MB to 221.2 MB.
Total: 9.366300 ms (FindLiveObjects: 0.843500 ms CreateObjectMapping: 0.755000 ms MarkObjects: 6.788900 ms  DeleteObjects: 0.977100 ms)

Prepare: number of updated asset objects reloaded= 0
AssetImportParameters requested are different than current active one (requested -> active):
  custom:container-demuxer-ogg: 62fdf1f143b41e24485cea50d1cbac27 -> 
  custom:video-codec-MediaFoundation-h265: 746d11721c4dcdbdad8f713fa42b33f4 -> 
  custom:video-decoder-ogg-theora: a1e56fd34408186e4bbccfd4996cb3dc -> 
  custom:framework-win-MediaFoundation: 216162199b28c13a410421893ffa2e32 -> 
  custom:CustomObjectIndexerAttribute: 3ead1caaecf1c488f20bcfeb224b6af5 -> 
  custom:container-demuxer-webm: 4f35f7cbe854078d1ac9338744f61a02 -> 
  custom:container-muxer-webm: aa71ff27fc2769a1b78a27578f13a17b -> 
  custom:video-decoder-webm-vp8: 9c59270c3fd7afecdb556c50c9e8de78 -> 
  custom:SearchIndexIgnoredProperties: e643bd26f0fe6173181afceb89e7c659 -> 
  custom:AudioImporter_EditorPlatform: d09bf68614088b80899f8185d706f6e7 -> 
  custom:video-encoder-webm-vp8: eb34c28f22e8b96e1ab97ce403110664 -> 
  custom:audio-decoder-ogg-vorbis: bf7c407c2cedff20999df2af8eb42d56 -> 
  custom:audio-encoder-webm-vorbis: bf7c407c2cedff20999df2af8eb42d56 -> 
  custom:scripting/precompiled-assembly-types:Assembly-CSharp: 812091d989c9b9c9b4dc5f42e99d775f -> 286fde1478d0c18795816b87189dc57e
========================================================================
Received Prepare
Caller must complete domain reload
Begin MonoManager ReloadAssembly
- Loaded All Assemblies, in  1.140 seconds
Native extension for WindowsStandalone target not found
Native extension for WebGL target not found
Mono: successfully reloaded assembly
- Finished resetting the current domain, in  4.015 seconds
Domain Reload Profiling: 5144ms
	BeginReloadAssembly (329ms)
		ExecutionOrderSort (0ms)
		DisableScriptedObjects (25ms)
		BackupInstance (0ms)
		ReleaseScriptingObjects (0ms)
		CreateAndSetChildDomain (74ms)
	RebuildCommonClasses (79ms)
	RebuildNativeTypeToScriptingClass (30ms)
	initialDomainReloadingComplete (62ms)
	LoadAllAssembliesAndSetupDomain (628ms)
		LoadAssemblies (756ms)
		RebuildTransferFunctionScriptingTraits (0ms)
		AnalyzeDomain (44ms)
			TypeCache.Refresh (13ms)
				TypeCache.ScanAssembly (0ms)
			ScanForSourceGeneratedMonoScriptInfo (0ms)
			ResolveRequiredComponents (28ms)
	FinalizeReload (4016ms)
		ReleaseScriptCaches (0ms)
		RebuildScriptCaches (0ms)
		SetupLoadedEditorAssemblies (1746ms)
			LogAssemblyErrors (0ms)
			InitializePlatformSupportModulesInManaged (22ms)
			SetLoadedEditorAssemblies (8ms)
			RefreshPlugins (0ms)
			BeforeProcessingInitializeOnLoad (225ms)
			ProcessInitializeOnLoadAttributes (1318ms)
			ProcessInitializeOnLoadMethodAttributes (149ms)
			AfterProcessingInitializeOnLoad (25ms)
			EditorAssembliesLoaded (1ms)
		ExecutionOrderSort2 (0ms)
		AwakeInstancesAfterBackupRestoration (55ms)
Refreshing native plugins compatible for Editor in 12.40 ms, found 4 plugins.
Preloading 0 native plugins for Editor in 0.00 ms.
Unloading 5734 Unused Serialized files (Serialized files now loaded: 0)
Unloading 33 unused Assets / (2.0 MB). Loaded Objects now: 6546.
Memory consumption went from 223.1 MB to 221.1 MB.
Total: 8.310300 ms (FindLiveObjects: 0.728600 ms CreateObjectMapping: 0.914600 ms MarkObjects: 5.964000 ms  DeleteObjects: 0.701100 ms)

Prepare: number of updated asset objects reloaded= 0
AssetImportParameters requested are different than current active one (requested -> active):
  custom:container-demuxer-ogg: 62fdf1f143b41e24485cea50d1cbac27 -> 
  custom:video-codec-MediaFoundation-h265: 746d11721c4dcdbdad8f713fa42b33f4 -> 
  custom:video-decoder-ogg-theora: a1e56fd34408186e4bbccfd4996cb3dc -> 
  custom:framework-win-MediaFoundation: 216162199b28c13a410421893ffa2e32 -> 
  custom:CustomObjectIndexerAttribute: 3ead1caaecf1c488f20bcfeb224b6af5 -> 
  custom:container-demuxer-webm: 4f35f7cbe854078d1ac9338744f61a02 -> 
  custom:container-muxer-webm: aa71ff27fc2769a1b78a27578f13a17b -> 
  custom:video-decoder-webm-vp8: 9c59270c3fd7afecdb556c50c9e8de78 -> 
  custom:SearchIndexIgnoredProperties: e643bd26f0fe6173181afceb89e7c659 -> 
  custom:AudioImporter_EditorPlatform: d09bf68614088b80899f8185d706f6e7 -> 
  custom:video-encoder-webm-vp8: eb34c28f22e8b96e1ab97ce403110664 -> 
  custom:audio-decoder-ogg-vorbis: bf7c407c2cedff20999df2af8eb42d56 -> 
  custom:audio-encoder-webm-vorbis: bf7c407c2cedff20999df2af8eb42d56 -> 
  custom:scripting/precompiled-assembly-types:Assembly-CSharp: 812091d989c9b9c9b4dc5f42e99d775f -> 286fde1478d0c18795816b87189dc57e
========================================================================
Received Import Request.
  Time since last request: 1363.807820 seconds.
  path: Assets/Lighting/New Folder
  artifactKey: Guid(8a5136f928a541840ac4b38ea1a7ab57) Importer(815301076,1909f56bfc062723c751e8b465ee728b)
Start importing Assets/Lighting/New Folder using Guid(8a5136f928a541840ac4b38ea1a7ab57) Importer(815301076,1909f56bfc062723c751e8b465ee728b) [PhysX] Initialized MultithreadedTaskDispatcher with 8 workers.
 -> (artifact id: 'b25ba98e13fd5faa1337878b43e872e3') in 0.003452 seconds
Number of updated asset objects reloaded before import = 0
Number of asset objects unloaded after import = 0
========================================================================
Received Import Request.
  Time since last request: 586.822120 seconds.
  path: Assets/FastMesh/Prefabs/Park/Park-Arch1.prefab
  artifactKey: Guid(65e74ded8f42a2b498fc163da0af872d) Importer(815301076,1909f56bfc062723c751e8b465ee728b)
Start importing Assets/FastMesh/Prefabs/Park/Park-Arch1.prefab using Guid(65e74ded8f42a2b498fc163da0af872d) Importer(815301076,1909f56bfc062723c751e8b465ee728b) [PhysX] Initialized MultithreadedTaskDispatcher with 8 workers.
[PhysX] Initialized MultithreadedTaskDispatcher with 8 workers.
 -> (artifact id: '5ee4db975e767089b7eb99a21c6ec6a3') in 0.391391 seconds
Number of updated asset objects reloaded before import = 0
Number of asset objects unloaded after import = 36
========================================================================
Received Import Request.
  Time since last request: 0.000051 seconds.
  path: Assets/FastMesh/Prefabs/Park/Park-Bench6.prefab
  artifactKey: Guid(4783dd70bec7c9443a0e34ee6652b972) Importer(815301076,1909f56bfc062723c751e8b465ee728b)
Start importing Assets/FastMesh/Prefabs/Park/Park-Bench6.prefab using Guid(4783dd70bec7c9443a0e34ee6652b972) Importer(815301076,1909f56bfc062723c751e8b465ee728b) [PhysX] Initialized MultithreadedTaskDispatcher with 8 workers.
[PhysX] Initialized MultithreadedTaskDispatcher with 8 workers.
 -> (artifact id: 'd96924b336db9587d24bbc0c1c5bc12d') in 0.032271 seconds
Number of updated asset objects reloaded before import = 0
Number of asset objects unloaded after import = 23
========================================================================
Received Import Request.
  Time since last request: 0.000040 seconds.
  path: Assets/FastMesh/Prefabs/Park/Park-Arch3.prefab
  artifactKey: Guid(de29517dbb57ac34d97361c3b1002527) Importer(815301076,1909f56bfc062723c751e8b465ee728b)
Start importing Assets/FastMesh/Prefabs/Park/Park-Arch3.prefab using Guid(de29517dbb57ac34d97361c3b1002527) Importer(815301076,1909f56bfc062723c751e8b465ee728b) [PhysX] Initialized MultithreadedTaskDispatcher with 8 workers.
[PhysX] Initialized MultithreadedTaskDispatcher with 8 workers.
 -> (artifact id: '704abcdf7b926ddeaf28cc26accaf355') in 0.030331 seconds
Number of updated asset objects reloaded before import = 0
Number of asset objects unloaded after import = 29
========================================================================
Received Import Request.
  Time since last request: 0.000023 seconds.
  path: Assets/FastMesh/Prefabs/Park/Park-Bin6.prefab
  artifactKey: Guid(a097589a867bb7f44aec2bd4dc0eb20d) Importer(815301076,1909f56bfc062723c751e8b465ee728b)
Start importing Assets/FastMesh/Prefabs/Park/Park-Bin6.prefab using Guid(a097589a867bb7f44aec2bd4dc0eb20d) Importer(815301076,1909f56bfc062723c751e8b465ee728b) [PhysX] Initialized MultithreadedTaskDispatcher with 8 workers.
[PhysX] Initialized MultithreadedTaskDispatcher with 8 workers.
 -> (artifact id: '5b2e395e3523d856fd9c21bf56d4b96d') in 0.031679 seconds
Number of updated asset objects reloaded before import = 0
Number of asset objects unloaded after import = 23
========================================================================
Received Import Request.
  Time since last request: 0.000025 seconds.
  path: Assets/FastMesh/Prefabs/Park/Park-Fountain2.prefab
  artifactKey: Guid(6107913c11239ae47973d8bfd5fa642e) Importer(815301076,1909f56bfc062723c751e8b465ee728b)
Start importing Assets/FastMesh/Prefabs/Park/Park-Fountain2.prefab using Guid(6107913c11239ae47973d8bfd5fa642e) Importer(815301076,1909f56bfc062723c751e8b465ee728b) [PhysX] Initialized MultithreadedTaskDispatcher with 8 workers.
[PhysX] Initialized MultithreadedTaskDispatcher with 8 workers.
 -> (artifact id: 'c73f595ae9344fa866999e0dae5c83c0') in 0.034343 seconds
Number of updated asset objects reloaded before import = 0
Number of asset objects unloaded after import = 23
========================================================================
Received Import Request.
  Time since last request: 0.000023 seconds.
  path: Assets/FastMesh/Prefabs/Park/Park-Gazebo1.prefab
  artifactKey: Guid(7cc2051fb0231d04fb52850d6fed5d45) Importer(815301076,1909f56bfc062723c751e8b465ee728b)
Start importing Assets/FastMesh/Prefabs/Park/Park-Gazebo1.prefab using Guid(7cc2051fb0231d04fb52850d6fed5d45) Importer(815301076,1909f56bfc062723c751e8b465ee728b) [PhysX] Initialized MultithreadedTaskDispatcher with 8 workers.
[PhysX] Initialized MultithreadedTaskDispatcher with 8 workers.
 -> (artifact id: '0e3cd647a85da4d2067a896357d49ba3') in 0.039988 seconds
Number of updated asset objects reloaded before import = 0
Number of asset objects unloaded after import = 29
========================================================================
Received Import Request.
  Time since last request: 0.000030 seconds.
  path: Assets/FastMesh/Prefabs/Park/Park-Installation2.prefab
  artifactKey: Guid(aacd739ae76227a4e98730195a6eb91c) Importer(815301076,1909f56bfc062723c751e8b465ee728b)
Start importing Assets/FastMesh/Prefabs/Park/Park-Installation2.prefab using Guid(aacd739ae76227a4e98730195a6eb91c) Importer(815301076,1909f56bfc062723c751e8b465ee728b) [PhysX] Initialized MultithreadedTaskDispatcher with 8 workers.
[PhysX] Initialized MultithreadedTaskDispatcher with 8 workers.
 -> (artifact id: '793d009cbfc33c3371daeb2738b1f717') in 0.032864 seconds
Number of updated asset objects reloaded before import = 0
Number of asset objects unloaded after import = 17
========================================================================
Received Import Request.
  Time since last request: 0.000032 seconds.
  path: Assets/FastMesh/Prefabs/Park/Park-Bin2.prefab
  artifactKey: Guid(7acb94a06869d4f4bab5a7c5f4b5d6c8) Importer(815301076,1909f56bfc062723c751e8b465ee728b)
Start importing Assets/FastMesh/Prefabs/Park/Park-Bin2.prefab using Guid(7acb94a06869d4f4bab5a7c5f4b5d6c8) Importer(815301076,1909f56bfc062723c751e8b465ee728b) [PhysX] Initialized MultithreadedTaskDispatcher with 8 workers.
[PhysX] Initialized MultithreadedTaskDispatcher with 8 workers.
 -> (artifact id: 'b889b881d3dc1f530f8d8c3a983b95a6') in 0.029754 seconds
Number of updated asset objects reloaded before import = 0
Number of asset objects unloaded after import = 28
========================================================================
Received Import Request.
  Time since last request: 0.000051 seconds.
  path: Assets/FastMesh/Prefabs/Park/Park-Fountain3.prefab
  artifactKey: Guid(5c5daa5253075024e8411521205c1f37) Importer(815301076,1909f56bfc062723c751e8b465ee728b)
Start importing Assets/FastMesh/Prefabs/Park/Park-Fountain3.prefab using Guid(5c5daa5253075024e8411521205c1f37) Importer(815301076,1909f56bfc062723c751e8b465ee728b) [PhysX] Initialized MultithreadedTaskDispatcher with 8 workers.
[PhysX] Initialized MultithreadedTaskDispatcher with 8 workers.
 -> (artifact id: '52e9fc5521e3c25e8c4a30a8f1f629d0') in 0.030749 seconds
Number of updated asset objects reloaded before import = 0
Number of asset objects unloaded after import = 23
========================================================================
Received Import Request.
  Time since last request: 0.000025 seconds.
  path: Assets/FastMesh/Prefabs/Park/Park-Bin7.prefab
  artifactKey: Guid(fb2ee03c2d770f54d8550ddb29f08026) Importer(815301076,1909f56bfc062723c751e8b465ee728b)
Start importing Assets/FastMesh/Prefabs/Park/Park-Bin7.prefab using Guid(fb2ee03c2d770f54d8550ddb29f08026) Importer(815301076,1909f56bfc062723c751e8b465ee728b) [PhysX] Initialized MultithreadedTaskDispatcher with 8 workers.
[PhysX] Initialized MultithreadedTaskDispatcher with 8 workers.
 -> (artifact id: 'b3369b1a4c3fc53f98a8fbd534e20f36') in 0.027992 seconds
Number of updated asset objects reloaded before import = 0
Number of asset objects unloaded after import = 17
========================================================================
Received Import Request.
  Time since last request: 0.000035 seconds.
  path: Assets/FastMesh/Prefabs/Park/Park-Obelisk2.prefab
  artifactKey: Guid(391bea5701ddd834eac8c7638ed07254) Importer(815301076,1909f56bfc062723c751e8b465ee728b)
Start importing Assets/FastMesh/Prefabs/Park/Park-Obelisk2.prefab using Guid(391bea5701ddd834eac8c7638ed07254) Importer(815301076,1909f56bfc062723c751e8b465ee728b) [PhysX] Initialized MultithreadedTaskDispatcher with 8 workers.
[PhysX] Initialized MultithreadedTaskDispatcher with 8 workers.
 -> (artifact id: '4492c6a1ae801432b48284d2a1dab6aa') in 0.029334 seconds
Number of updated asset objects reloaded before import = 0
Number of asset objects unloaded after import = 22
========================================================================
Received Import Request.
  Time since last request: 0.000032 seconds.
  path: Assets/FastMesh/Prefabs/Park/Park-Sign3.prefab
  artifactKey: Guid(b195c3e7b9febd046ba61b49ffe00e1d) Importer(815301076,1909f56bfc062723c751e8b465ee728b)
Start importing Assets/FastMesh/Prefabs/Park/Park-Sign3.prefab using Guid(b195c3e7b9febd046ba61b49ffe00e1d) Importer(815301076,1909f56bfc062723c751e8b465ee728b) [PhysX] Initialized MultithreadedTaskDispatcher with 8 workers.
[PhysX] Initialized MultithreadedTaskDispatcher with 8 workers.
 -> (artifact id: '0d2ffe2e969c6f1c081483357a4d09b4') in 0.029670 seconds
Number of updated asset objects reloaded before import = 0
Number of asset objects unloaded after import = 22
========================================================================
Received Import Request.
  Time since last request: 0.000026 seconds.
  path: Assets/FastMesh/Prefabs/Park/Park-Table3.prefab
  artifactKey: Guid(9f311d23e341dbf4db88f442e2a71678) Importer(815301076,1909f56bfc062723c751e8b465ee728b)
Start importing Assets/FastMesh/Prefabs/Park/Park-Table3.prefab using Guid(9f311d23e341dbf4db88f442e2a71678) Importer(815301076,1909f56bfc062723c751e8b465ee728b) [PhysX] Initialized MultithreadedTaskDispatcher with 8 workers.
[PhysX] Initialized MultithreadedTaskDispatcher with 8 workers.
 -> (artifact id: 'd3c40cb2a6404a3e6584d1881cc1ade3') in 0.033210 seconds
Number of updated asset objects reloaded before import = 0
Number of asset objects unloaded after import = 17
========================================================================
Received Import Request.
  Time since last request: 0.000029 seconds.
  path: Assets/FastMesh/Prefabs/Park/Park-Sign4.prefab
  artifactKey: Guid(0aa9d7f145b1c8748831e0d396d1b01e) Importer(815301076,1909f56bfc062723c751e8b465ee728b)
Start importing Assets/FastMesh/Prefabs/Park/Park-Sign4.prefab using Guid(0aa9d7f145b1c8748831e0d396d1b01e) Importer(815301076,1909f56bfc062723c751e8b465ee728b) [PhysX] Initialized MultithreadedTaskDispatcher with 8 workers.
[PhysX] Initialized MultithreadedTaskDispatcher with 8 workers.
 -> (artifact id: '525b11b832a281df83e9dd5abca52b4b') in 0.033232 seconds
Number of updated asset objects reloaded before import = 0
Number of asset objects unloaded after import = 24
========================================================================
Received Import Request.
  Time since last request: 0.000035 seconds.
  path: Assets/FastMesh/Prefabs/Park/Park-Bin10.prefab
  artifactKey: Guid(88c03336477744545bf87b1345a82c7e) Importer(815301076,1909f56bfc062723c751e8b465ee728b)
Start importing Assets/FastMesh/Prefabs/Park/Park-Bin10.prefab using Guid(88c03336477744545bf87b1345a82c7e) Importer(815301076,1909f56bfc062723c751e8b465ee728b) [PhysX] Initialized MultithreadedTaskDispatcher with 8 workers.
[PhysX] Initialized MultithreadedTaskDispatcher with 8 workers.
 -> (artifact id: '5f4c1b96fc68ec776d2184e1c1598ea6') in 0.034064 seconds
Number of updated asset objects reloaded before import = 0
Number of asset objects unloaded after import = 17
========================================================================
Received Import Request.
  Time since last request: 0.000031 seconds.
  path: Assets/FastMesh/Prefabs/Park/Park-Obelisk1.prefab
  artifactKey: Guid(90faaddb1294b6340bb5e4bea7f3f610) Importer(815301076,1909f56bfc062723c751e8b465ee728b)
Start importing Assets/FastMesh/Prefabs/Park/Park-Obelisk1.prefab using Guid(90faaddb1294b6340bb5e4bea7f3f610) Importer(815301076,1909f56bfc062723c751e8b465ee728b) [PhysX] Initialized MultithreadedTaskDispatcher with 8 workers.
[PhysX] Initialized MultithreadedTaskDispatcher with 8 workers.
 -> (artifact id: 'b28fd94b61e6060c6315ccc7aee0d8bf') in 0.034582 seconds
Number of updated asset objects reloaded before import = 0
Number of asset objects unloaded after import = 17
========================================================================
Received Import Request.
  Time since last request: 369.269723 seconds.
  path: Assets/Fries and Seagull
  artifactKey: Guid(bf0af0ed43be4174ca864c25e9afd841) Importer(815301076,1909f56bfc062723c751e8b465ee728b)
Start importing Assets/Fries and Seagull using Guid(bf0af0ed43be4174ca864c25e9afd841) Importer(815301076,1909f56bfc062723c751e8b465ee728b) [PhysX] Initialized MultithreadedTaskDispatcher with 8 workers.
 -> (artifact id: 'b982514796742fbd650347556e16674c') in 0.001116 seconds
Number of updated asset objects reloaded before import = 0
Number of asset objects unloaded after import = 0
========================================================================
Received Prepare
Caller must complete domain reload
Begin MonoManager ReloadAssembly
- Loaded All Assemblies, in  0.970 seconds
Native extension for WindowsStandalone target not found
Native extension for WebGL target not found
Mono: successfully reloaded assembly
- Finished resetting the current domain, in  3.885 seconds
Domain Reload Profiling: 4850ms
	BeginReloadAssembly (365ms)
		ExecutionOrderSort (0ms)
		DisableScriptedObjects (51ms)
		BackupInstance (0ms)
		ReleaseScriptingObjects (0ms)
		CreateAndSetChildDomain (86ms)
	RebuildCommonClasses (64ms)
	RebuildNativeTypeToScriptingClass (26ms)
	initialDomainReloadingComplete (53ms)
	LoadAllAssembliesAndSetupDomain (456ms)
		LoadAssemblies (577ms)
		RebuildTransferFunctionScriptingTraits (0ms)
		AnalyzeDomain (30ms)
			TypeCache.Refresh (8ms)
				TypeCache.ScanAssembly (0ms)
			ScanForSourceGeneratedMonoScriptInfo (0ms)
			ResolveRequiredComponents (19ms)
	FinalizeReload (3886ms)
		ReleaseScriptCaches (0ms)
		RebuildScriptCaches (0ms)
		SetupLoadedEditorAssemblies (2072ms)
			LogAssemblyErrors (0ms)
			InitializePlatformSupportModulesInManaged (15ms)
			SetLoadedEditorAssemblies (6ms)
			RefreshPlugins (0ms)
			BeforeProcessingInitializeOnLoad (242ms)
			ProcessInitializeOnLoadAttributes (1606ms)
			ProcessInitializeOnLoadMethodAttributes (174ms)
			AfterProcessingInitializeOnLoad (28ms)
			EditorAssembliesLoaded (1ms)
		ExecutionOrderSort2 (0ms)
		AwakeInstancesAfterBackupRestoration (64ms)
Refreshing native plugins compatible for Editor in 17.07 ms, found 4 plugins.
Preloading 0 native plugins for Editor in 0.00 ms.
Unloading 5734 Unused Serialized files (Serialized files now loaded: 0)
Unloading 33 unused Assets / (2.0 MB). Loaded Objects now: 6587.
Memory consumption went from 223.3 MB to 221.3 MB.
Total: 12.462300 ms (FindLiveObjects: 0.889700 ms CreateObjectMapping: 1.315500 ms MarkObjects: 9.270800 ms  DeleteObjects: 0.982800 ms)

Prepare: number of updated asset objects reloaded= 0
AssetImportParameters requested are different than current active one (requested -> active):
  custom:container-demuxer-ogg: 62fdf1f143b41e24485cea50d1cbac27 -> 
  custom:video-codec-MediaFoundation-h265: 746d11721c4dcdbdad8f713fa42b33f4 -> 
  custom:video-decoder-ogg-theora: a1e56fd34408186e4bbccfd4996cb3dc -> 
  custom:framework-win-MediaFoundation: 216162199b28c13a410421893ffa2e32 -> 
  custom:CustomObjectIndexerAttribute: 3ead1caaecf1c488f20bcfeb224b6af5 -> 
  custom:container-demuxer-webm: 4f35f7cbe854078d1ac9338744f61a02 -> 
  custom:container-muxer-webm: aa71ff27fc2769a1b78a27578f13a17b -> 
  custom:video-decoder-webm-vp8: 9c59270c3fd7afecdb556c50c9e8de78 -> 
  custom:SearchIndexIgnoredProperties: e643bd26f0fe6173181afceb89e7c659 -> 
  custom:AudioImporter_EditorPlatform: d09bf68614088b80899f8185d706f6e7 -> 
  custom:video-encoder-webm-vp8: eb34c28f22e8b96e1ab97ce403110664 -> 
  custom:audio-decoder-ogg-vorbis: bf7c407c2cedff20999df2af8eb42d56 -> 
  custom:audio-encoder-webm-vorbis: bf7c407c2cedff20999df2af8eb42d56 -> 
  custom:scripting/precompiled-assembly-types:Assembly-CSharp: 812091d989c9b9c9b4dc5f42e99d775f -> 286fde1478d0c18795816b87189dc57e
========================================================================
Received Prepare
Refreshing native plugins compatible for Editor in 13.98 ms, found 4 plugins.
Preloading 0 native plugins for Editor in 0.00 ms.
Unloading 14 Unused Serialized files (Serialized files now loaded: 0)
Unloading 14 unused Assets / (2.0 MB). Loaded Objects now: 6587.
Memory consumption went from 134.7 MB to 132.7 MB.
Total: 15.168900 ms (FindLiveObjects: 0.914400 ms CreateObjectMapping: 0.784500 ms MarkObjects: 12.860400 ms  DeleteObjects: 0.607600 ms)

Prepare: number of updated asset objects reloaded= 1
AssetImportParameters requested are different than current active one (requested -> active):
  custom:container-demuxer-ogg: 62fdf1f143b41e24485cea50d1cbac27 -> 
  custom:video-codec-MediaFoundation-h265: 746d11721c4dcdbdad8f713fa42b33f4 -> 
  custom:video-decoder-ogg-theora: a1e56fd34408186e4bbccfd4996cb3dc -> 
  custom:framework-win-MediaFoundation: 216162199b28c13a410421893ffa2e32 -> 
  custom:CustomObjectIndexerAttribute: 3ead1caaecf1c488f20bcfeb224b6af5 -> 
  custom:container-demuxer-webm: 4f35f7cbe854078d1ac9338744f61a02 -> 
  custom:container-muxer-webm: aa71ff27fc2769a1b78a27578f13a17b -> 
  custom:video-decoder-webm-vp8: 9c59270c3fd7afecdb556c50c9e8de78 -> 
  custom:SearchIndexIgnoredProperties: e643bd26f0fe6173181afceb89e7c659 -> 
  custom:AudioImporter_EditorPlatform: d09bf68614088b80899f8185d706f6e7 -> 
  custom:video-encoder-webm-vp8: eb34c28f22e8b96e1ab97ce403110664 -> 
  custom:audio-decoder-ogg-vorbis: bf7c407c2cedff20999df2af8eb42d56 -> 
  custom:audio-encoder-webm-vorbis: bf7c407c2cedff20999df2af8eb42d56 -> 
  custom:scripting/precompiled-assembly-types:Assembly-CSharp: 812091d989c9b9c9b4dc5f42e99d775f -> 286fde1478d0c18795816b87189dc57e
========================================================================
Received Import Request.
  Time since last request: 1064.688314 seconds.
  path: Assets/Light.mat
  artifactKey: Guid(4701a051497e971409671510e13a5b51) Importer(815301076,1909f56bfc062723c751e8b465ee728b)
Start importing Assets/Light.mat using Guid(4701a051497e971409671510e13a5b51) Importer(815301076,1909f56bfc062723c751e8b465ee728b) [PhysX] Initialized MultithreadedTaskDispatcher with 8 workers.
[PhysX] Initialized MultithreadedTaskDispatcher with 8 workers.
 -> (artifact id: '3bb06ced094c33665d8a0fef779bf397') in 0.405333 seconds
Number of updated asset objects reloaded before import = 0
Number of asset objects unloaded after import = 21
========================================================================
Received Import Request.
  Time since last request: 2.302544 seconds.
  path: Assets/Scenes/MainScene
  artifactKey: Guid(297f734948bd1d348abf2c189aebbfd3) Importer(815301076,1909f56bfc062723c751e8b465ee728b)
Start importing Assets/Scenes/MainScene using Guid(297f734948bd1d348abf2c189aebbfd3) Importer(815301076,1909f56bfc062723c751e8b465ee728b) [PhysX] Initialized MultithreadedTaskDispatcher with 8 workers.
 -> (artifact id: '734dac7ede04708ab40ba047a9f81ca1') in 0.001108 seconds
Number of updated asset objects reloaded before import = 0
Number of asset objects unloaded after import = 0
========================================================================
Received Import Request.
  Time since last request: 3.567897 seconds.
  path: Assets/Scenes/Menu.unity
  artifactKey: Guid(03faafddff9dace48a049d653e0ee02a) Importer(815301076,1909f56bfc062723c751e8b465ee728b)
Start importing Assets/Scenes/Menu.unity using Guid(03faafddff9dace48a049d653e0ee02a) Importer(815301076,1909f56bfc062723c751e8b465ee728b) [PhysX] Initialized MultithreadedTaskDispatcher with 8 workers.
 -> (artifact id: 'fffa7d620f5bd723b9bf56653b35dc82') in 0.000792 seconds
Number of updated asset objects reloaded before import = 0
Number of asset objects unloaded after import = 0
========================================================================
Received Import Request.
  Time since last request: 183.195272 seconds.
  path: Assets/Scenes/MainScene.unity
  artifactKey: Guid(9fc0d4010bbf28b4594072e72b8655ab) Importer(815301076,1909f56bfc062723c751e8b465ee728b)
Start importing Assets/Scenes/MainScene.unity using Guid(9fc0d4010bbf28b4594072e72b8655ab) Importer(815301076,1909f56bfc062723c751e8b465ee728b) [PhysX] Initialized MultithreadedTaskDispatcher with 8 workers.
 -> (artifact id: '97c17e4d4c7168eb2ccf2522d3f768a6') in 0.000928 seconds
Number of updated asset objects reloaded before import = 0
Number of asset objects unloaded after import = 0
========================================================================
Received Prepare
Refreshing native plugins compatible for Editor in 14.56 ms, found 4 plugins.
Preloading 0 native plugins for Editor in 0.00 ms.
Unloading 14 Unused Serialized files (Serialized files now loaded: 0)
Unloading 14 unused Assets / (2.0 MB). Loaded Objects now: 6671.
Memory consumption went from 134.4 MB to 132.4 MB.
Total: 14.351800 ms (FindLiveObjects: 0.674000 ms CreateObjectMapping: 0.858800 ms MarkObjects: 12.207700 ms  DeleteObjects: 0.609700 ms)

Prepare: number of updated asset objects reloaded= 0
AssetImportParameters requested are different than current active one (requested -> active):
  custom:container-demuxer-ogg: 62fdf1f143b41e24485cea50d1cbac27 -> 
  custom:video-codec-MediaFoundation-h265: 746d11721c4dcdbdad8f713fa42b33f4 -> 
  custom:video-decoder-ogg-theora: a1e56fd34408186e4bbccfd4996cb3dc -> 
  custom:framework-win-MediaFoundation: 216162199b28c13a410421893ffa2e32 -> 
  custom:CustomObjectIndexerAttribute: 3ead1caaecf1c488f20bcfeb224b6af5 -> 
  custom:container-demuxer-webm: 4f35f7cbe854078d1ac9338744f61a02 -> 
  custom:container-muxer-webm: aa71ff27fc2769a1b78a27578f13a17b -> 
  custom:video-decoder-webm-vp8: 9c59270c3fd7afecdb556c50c9e8de78 -> 
  custom:SearchIndexIgnoredProperties: e643bd26f0fe6173181afceb89e7c659 -> 
  custom:AudioImporter_EditorPlatform: d09bf68614088b80899f8185d706f6e7 -> 
  custom:video-encoder-webm-vp8: eb34c28f22e8b96e1ab97ce403110664 -> 
  custom:audio-decoder-ogg-vorbis: bf7c407c2cedff20999df2af8eb42d56 -> 
  custom:audio-encoder-webm-vorbis: bf7c407c2cedff20999df2af8eb42d56 -> 
  custom:scripting/precompiled-assembly-types:Assembly-CSharp: 812091d989c9b9c9b4dc5f42e99d775f -> 286fde1478d0c18795816b87189dc57e
========================================================================
Received Prepare
Couldn't register non-exiting asset root folder: 'Assets'
Assertion failed on expression: 'success'
Trying to reload asset but can't find object on disk
Trying to reload asset but can't find object on disk
Trying to reload asset but can't find object on disk
Trying to reload asset but can't find object on disk
Trying to reload asset but can't find object on disk
Trying to reload asset but can't find object on disk
Trying to reload asset but can't find object on disk
Trying to reload asset but can't find object on disk
Trying to reload asset but can't find object on disk
Trying to reload asset but can't find object on disk
Trying to reload asset but can't find object on disk
Trying to reload asset but can't find object on disk
Trying to reload asset but can't find object on disk
Trying to reload asset but can't find object on disk
Trying to reload asset but can't find object on disk
Trying to reload asset but can't find object on disk
Trying to reload asset but can't find object on disk
Trying to reload asset but can't find object on disk
Trying to reload asset but can't find object on disk
Caller must complete domain reload
Begin MonoManager ReloadAssembly
- Loaded All Assemblies, in  0.815 seconds
Native extension for WindowsStandalone target not found
Native extension for WebGL target not found
Mono: successfully reloaded assembly
- Finished resetting the current domain, in  1.161 seconds
Domain Reload Profiling: 1979ms
	BeginReloadAssembly (505ms)
		ExecutionOrderSort (0ms)
		DisableScriptedObjects (50ms)
		BackupInstance (0ms)
		ReleaseScriptingObjects (2ms)
		CreateAndSetChildDomain (142ms)
	RebuildCommonClasses (147ms)
	RebuildNativeTypeToScriptingClass (34ms)
	initialDomainReloadingComplete (74ms)
	LoadAllAssembliesAndSetupDomain (58ms)
		LoadAssemblies (248ms)
		RebuildTransferFunctionScriptingTraits (0ms)
		AnalyzeDomain (39ms)
			TypeCache.Refresh (34ms)
				TypeCache.ScanAssembly (0ms)
			ScanForSourceGeneratedMonoScriptInfo (2ms)
			ResolveRequiredComponents (2ms)
	FinalizeReload (1162ms)
		ReleaseScriptCaches (0ms)
		RebuildScriptCaches (0ms)
		SetupLoadedEditorAssemblies (822ms)
			LogAssemblyErrors (0ms)
			InitializePlatformSupportModulesInManaged (25ms)
			SetLoadedEditorAssemblies (16ms)
			RefreshPlugins (0ms)
			BeforeProcessingInitializeOnLoad (293ms)
			ProcessInitializeOnLoadAttributes (410ms)
			ProcessInitializeOnLoadMethodAttributes (58ms)
			AfterProcessingInitializeOnLoad (20ms)
			EditorAssembliesLoaded (0ms)
		ExecutionOrderSort2 (0ms)
		AwakeInstancesAfterBackupRestoration (27ms)
Refreshing native plugins compatible for Editor in 5.93 ms, found 0 plugins.
Preloading 0 native plugins for Editor in 0.00 ms.
Unloading 1 Unused Serialized files (Serialized files now loaded: 0)
Unloading 2250 unused Assets / (7.1 MB). Loaded Objects now: 4371.
Memory consumption went from 114.3 MB to 107.2 MB.
Total: 14.579100 ms (FindLiveObjects: 0.768600 ms CreateObjectMapping: 0.730800 ms MarkObjects: 3.676100 ms  DeleteObjects: 9.402000 ms)

Prepare: number of updated asset objects reloaded= 125
AssetImportParameters requested are different than current active one (requested -> active):
  custom:container-demuxer-ogg: 62fdf1f143b41e24485cea50d1cbac27 -> 
  custom:video-codec-MediaFoundation-h265: 746d11721c4dcdbdad8f713fa42b33f4 -> 
  custom:srp/default-pipeline: 4c67741a2e18cb4e9cdaf5e036ff15bb -> 
  custom:video-decoder-ogg-theora: a1e56fd34408186e4bbccfd4996cb3dc -> 
  custom:framework-win-MediaFoundation: 216162199b28c13a410421893ffa2e32 -> 
  custom:CustomObjectIndexerAttribute: 9a22284fe3817be447336de3de66b15e -> 
  custom:container-demuxer-webm: 4f35f7cbe854078d1ac9338744f61a02 -> 
  custom:container-muxer-webm: aa71ff27fc2769a1b78a27578f13a17b -> 
  custom:video-decoder-webm-vp8: 9c59270c3fd7afecdb556c50c9e8de78 -> 
  custom:SearchIndexIgnoredProperties: e643bd26f0fe6173181afceb89e7c659 -> 
  custom:AudioImporter_EditorPlatform: d09bf68614088b80899f8185d706f6e7 -> 
  custom:video-encoder-webm-vp8: eb34c28f22e8b96e1ab97ce403110664 -> 
  custom:scripting/monoscript/fileName/Bloom.cs: 6f6d579a64201b97313a62a1e91b3575 -> b8c0ed16b1659c8a0f6bd104e79dceca
  custom:audio-decoder-ogg-vorbis: bf7c407c2cedff20999df2af8eb42d56 -> 
  custom:audio-encoder-webm-vorbis: bf7c407c2cedff20999df2af8eb42d56 -> 
  custom:scripting/precompiled-assembly-types:Unity.2D.Aseprite.Common:  -> 6f32d9da0697a1bcfc71999c7b08d0ec
  custom:scripting/monoscript/fileName/Light2D.cs:  -> f0b28a36e02ac27aef5d2e66d7400709
  custom:scripting/precompiled-assembly-types:Unity.Postprocessing.Runtime:  -> 655cd018e42ac91ed9a03cfbdae17956
  custom:scripting/monoscript/fileName/DecalProjectorEditor.cs:  -> a081ef5bc6f5a3e296bdfd08ba042770
  custom:scripting/monoscript/fileName/AnimationPlayableAsset.cs:  -> 009db08c97e92a2c69986ab256d074e2
  custom:scripting/precompiled-assembly-types:Unity.PlasticSCM.Editor:  -> 81a0b26f77a1f55c0127919526bd3ad7
  custom:scripting/precompiled-assembly-types:Unity.Burst.Unsafe:  -> 4f83dd30d4d7964b63b36d2fe1e95684
  custom:scripting/precompiled-assembly-types:Unity.Performance.Profile-Analyzer.Editor:  -> e1bfc0e7188f9eeca54cb211a0aba1bc
  custom:scripting/precompiled-assembly-types:Unity.RenderPipelines.Core.Runtime:  -> 34799d0b1315b0c9def7321e7ce7313f
  custom:scripting/precompiled-assembly-types:Unity.VisualScripting.Core:  -> 0a21fb0e1386cc0544df7b99dc92b4ac
  custom:scripting/monoscript/fileName/AnimationTrack.cs:  -> 579258c150686ede8cacf1f75da21715
  custom:scripting/precompiled-assembly-types:Unity.Postprocessing.Editor:  -> 23b49e25b965492466cd147d7735360a
  custom:scripting/precompiled-assembly-types:Unity.VisualScripting.State.Editor:  -> bfd19d10497364660dabdb7b0dffedf3
  custom:scripting/precompiled-assembly-types:Unity.ShaderGraph.Utilities:  -> a5f5ab80340e2d79f4dddb9a842c37b5
  custom:scripting/precompiled-assembly-types:Unity.2D.Animation.Runtime:  -> c5a779a77c2d42d8b5127733d4623da4
  custom:scripting/precompiled-assembly-types:Unity.Burst.Editor:  -> 1bb453082d9d949b60d566d3187c97d1
  custom:scripting/precompiled-assembly-types:Unity.VisualScripting.State:  -> a1b84a027925ee482b6dab13e9d110f3
  custom:scripting/precompiled-assembly-types:Unity.VisualScripting.SettingsProvider.Editor:  -> 41414d03caeb8d6946e082e3faf34ce7
  custom:scripting/precompiled-assembly-types:Unity.2D.Psdimporter.Editor:  -> ed563be6c9b4eabe02cd35dbfcc1f959
  custom:scripting/precompiled-assembly-types:Unity.Burst.CodeGen:  -> 16c6c1c8fc0531945282884ffe84c4a6
  custom:scripting/precompiled-assembly-types:Unity.2D.Tilemap.Extras:  -> 9722aa6e48a25d628be73e787a5a1bb9
  custom:scripting/precompiled-assembly-types:Unity.2D.Common.Editor:  -> 7cbb781a6c9c3533080bdeaa9f578bb7
  custom:scripting/precompiled-assembly-types:Unity.Collections.DocCodeSamples:  -> 23ba9e0c5ef3e46a6ff4f5179d85b4a5
  custom:scripting/precompiled-assembly-types:Unity.TestTools.CodeCoverage.Editor.OpenCover.Model:  -> 392eba37ada58ebddffce0d6be5344c8
  custom:scripting/monoscript/fileName/IsometricRuleTile.cs:  -> 226477e0fda8299a797033f4381d7b8f
  custom:scripting/precompiled-assembly-types:Unity.2D.Aseprite.Editor:  -> b57003f273bf767ae876952d8d641328
  custom:scripting/monoscript/fileName/TextMeshPro.cs:  -> 0cfab9de2f927cf0a5e3dc6276498acd
  custom:scripting/precompiled-assembly-types:Unity.2D.PixelPerfect.Editor:  -> d365ac89282f9008a657a17834ac65e3
  custom:scripting/precompiled-assembly-types:Unity.2D.Sprite.Editor:  -> 17bc6c182f43764addce77b58cdd60c9
  custom:scripting/precompiled-assembly-types:Unity.Burst.Cecil.Pdb:  -> 542ee58f25ed060f438b710d2d8b4fbd
  custom:scripting/precompiled-assembly-types:Unity.2D.PixelPerfect:  -> b4d87180cdb666d4e563f0feb63adff6
  custom:scripting/precompiled-assembly-types:Unity.RenderPipelines.Universal.Config.Runtime:  -> d6ce9a11b3babd692318c3e48b3807d6
  custom:scripting/precompiled-assembly-types:Unity.Burst:  -> 813d3b3d85b4f226cca91b96115edc25
  custom:scripting/precompiled-assembly-types:Unity.TestTools.CodeCoverage.Editor:  -> d149527e5c885a7c3085f4e656316fb7
  custom:scripting/precompiled-assembly-types:ReportGeneratorMerged:  -> a1824cb2563ee3a5abc6d3e314b6fbb6
  custom:scripting/precompiled-assembly-types:Unity.CollabProxy.Editor:  -> 719513884e06ae88ec6448b0e7ccc543
  custom:scripting/precompiled-assembly-types:Unity.2D.Common.Runtime:  -> d57b2527d87b399232fb649a533f9748
  custom:scripting/precompiled-assembly-types:Unity.Timeline.Editor:  -> 534d7c71c4dd9147ea00599cede121e1
  custom:scripting/precompiled-assembly-types:Unity.RenderPipelines.ShaderGraph.ShaderGraphLibrary:  -> 2b0f70078629f68eaf72bd5c996d479d
  custom:scripting/precompiled-assembly-types:Unity.2D.Common.Path.Editor:  -> 67ef6a7d0ffe69b88d4a058454e0baa3
  custom:scripting/precompiled-assembly-types:Unity.RenderPipelines.Core.ShaderLibrary:  -> 3c0b64ed630330ed2a6537a9f18dabb5
  custom:scripting/precompiled-assembly-types:Unity.EditorCoroutines.Editor:  -> 939c1390cec4719064bc8982808f80e1
  custom:scripting/monoscript/fileName/FullScreenPassRendererFeature.cs:  -> ebbbef44b80ef5732dbfca6477a48ee1
  custom:scripting/precompiled-assembly-types:Unity.Collections.BurstCompatibilityGen:  -> d26056d813c945132a21ff9f8750c98e
  custom:scripting/precompiled-assembly-types:Unity.RenderPipelines.Core.Editor:  -> f8860ff5929cb85b004a64116af8e0c7
  custom:scripting/precompiled-assembly-types:Unity.RenderPipelines.Universal.Runtime:  -> 55c87f5fdcce422ef1daf5674c68ad98
  custom:scripting/monoscript/fileName/DebugState.cs:  -> 08c6f080780f0e58ab66c0a3e8c209e4
  custom:scripting/precompiled-assembly-types:Unity.RenderPipelines.Universal.Editor:  -> 9a06bed1f57a6e45937901ff06cb7a39
  custom:scripting/monoscript/fileName/UniversalRenderPipelineGlobalSettings.cs:  -> a3b6b54d248ff08b86fefeb4768df907
  custom:scripting/precompiled-assembly-types:Unity.ShaderGraph.Editor:  -> c1525a57fcc0975bebd8e69021b1ccd9
  custom:scripting/precompiled-assembly-types:Unity.2D.Tilemap.Editor:  -> c63f35b4be2093bcf46770a8fbd6e1fe
  custom:scripting/precompiled-assembly-types:Unity.Burst.Cecil.Mdb:  -> 267a0ac2928f725ab1cc9882bbfb898d
  custom:scripting/precompiled-assembly-types:Unity.Mathematics:  -> eda48956a0bece48f802264722748d9b
  custom:scripting/precompiled-assembly-types:Unity.2D.SpriteShape.Runtime:  -> 7951efc3114d3b5dd81068bf56c35699
  custom:scripting/monoscript/fileName/AsepriteImporter.cs:  -> 75abe4fbe831928e105d619d45f5475b
  custom:scripting/precompiled-assembly-types:UnityEditor.UI:  -> 6bae215471362000d6dbd3e0ee304a50
  custom:scripting/precompiled-assembly-types:JetBrains.Rider.PathLocator:  -> cc0f6b5fd89737b9c88f7fff1881167a
  custom:scripting/monoscript/fileName/TimelineAssetViewModel.cs:  -> 18a79fa063972d49f8538ad72ae7e75c
  custom:scripting/precompiled-assembly-types:log4net:  -> 019978558686b3dbe60f5be7e8a69682
  custom:scripting/precompiled-assembly-types:Unity.VisualScripting.TextureAssets:  -> c56209796e0bbe0cf0954c819164de90
  custom:scripting/precompiled-assembly-types:Unity.Timeline:  -> b058d380530d91aefff3cf869316d3f0
  custom:scripting/precompiled-assembly-types:Unity.TestTools.CodeCoverage.Editor.OpenCover.Mono.Reflection:  -> 0065f084a5e0ee2eda32260040c06f1b
  custom:scripting/precompiled-assembly-types:Unity.InternalAPIEngineBridge.001:  -> 727c2dd33fd9ba33b3b36d8b0abec3e5
  custom:scripting/precompiled-assembly-types:Unity.Searcher.Editor:  -> 6e08cc58a0d3846aad56b26936b9a264
  custom:scripting/precompiled-assembly-types:Unity.VisualScripting.Shared.Editor:  -> b1bd646cbd56acfef4597dda0faf849f
  custom:scripting/precompiled-assembly-types:Unity.2D.IK.Runtime:  -> 834d071a903607973ce53cf2b60adb28
  custom:scripting/precompiled-assembly-types:Unity.Burst.Cecil.Rocks:  -> 437ffcd7628e1436004701f82021574b
  custom:scripting/precompiled-assembly-types:nunit.framework:  -> de9c6147ae45b4e3446d0e562fb3bbe3
  custom:scripting/precompiled-assembly-types:Unity.Plastic.Newtonsoft.Json:  -> c587937513b02a3c784dfd4229f1b707
  custom:scripting/precompiled-assembly-types:Unity.2D.SpriteShape.Editor:  -> cbc7af36169d11bf1609bbe7544dfc2f
  custom:scripting/precompiled-assembly-types:Unity.Plastic.Antlr3.Runtime:  -> 6770513df7cfb4050a1e6f0a02312f5b
  custom:scripting/precompiled-assembly-types:Unity.VisualScripting.Core.Editor:  -> 39597c0f3a76e24d87d64afa59c5f88d
  custom:scripting/monoscript/fileName/RuleTile.cs:  -> f5f493643c39cafead8f05df075b38cf
  custom:scripting/monoscript/fileName/TextMeshProUGUI.cs:  -> b783d06a82b0620f102e3253b4b9fc9b
  custom:scripting/precompiled-assembly-types:UnityEngine.TestRunner:  -> f5758234275f5346968d00e3b1a1c0e4
  custom:scripting/precompiled-assembly-types:Unity.Settings.Editor:  -> beb7650f4acfb920369c4b53d5d1d8a0
  custom:scripting/precompiled-assembly-types:Unity.RenderPipeline.Universal.ShaderLibrary:  -> 688645a35edb23da7def5447ad2ad7ae
  custom:scripting/precompiled-assembly-types:Unity.2D.Tilemap.Extras.Editor:  -> 5ad91861b07fefd995e74ac55c89582d
  custom:scripting/precompiled-assembly-types:PPv2URPConverters:  -> e545c64fad5560733cc56a1e9e779470
  custom:scripting/precompiled-assembly-types:Unity.VisualScripting.YamlDotNet:  -> 42147c7a78dea3b36998a42e40ee1ca1
  custom:scripting/precompiled-assembly-types:Unity.Burst.Cecil:  -> 997689720027a6523ba4efde94923b20
  custom:scripting/precompiled-assembly-types:Unity.RenderPipelines.Universal.Shaders:  -> a1e6537565ab46852e5d3bec24d03953
  custom:scripting/precompiled-assembly-types:Unity.2D.Animation.Editor:  -> 74fa7dfffd5b4b9325009aca31459872
  custom:scripting/monoscript/fileName/UniversalRenderPipelineAsset.cs:  -> 44d29cff0a5d058e760518e1729b9f3e
  custom:scripting/monoscript/fileName/PSDImporter.cs:  -> 426789f17a6318790dfce4403b2d57e3
  custom:scripting/precompiled-assembly-types:Unity.VisualScripting.Antlr3.Runtime:  -> faf423e1a2226361a83dad1da848e5b7
  custom:scripting/precompiled-assembly-types:Unity.Collections:  -> 3ed35f6c42a4ff122eae303a72eec4b3
  custom:scripting/monoscript/fileName/Renderer2DData.cs:  -> f8a889de7b6a22494c8bf8e627a325bf
  custom:scripting/precompiled-assembly-types:Unity.VSCode.Editor:  -> ce0f8be6c84057ddac8877610b9e6a0a
  custom:scripting/monoscript/fileName/DisplayWindow.cs:  -> 5fbb58f67d9ef9189379b30fc85923ba
  custom:scripting/precompiled-assembly-types:Unity.VisualScripting.IonicZip:  -> cbdf74419b68ead93c00ca698cf31212
  custom:scripting/monoscript/fileName/IKManager2D.cs:  -> 3556a5b41605dae06bbc257d2027da25
  custom:scripting/precompiled-assembly-types:Unity.InternalAPIEditorBridge.001:  -> e4407bd12e2eb7ef8549b7340de38282
  custom:scripting/precompiled-assembly-types:Unity.VisualScripting.Flow:  -> bc99c07bfe2ca209f1879006fb72d2cd
  custom:scripting/precompiled-assembly-types:UnityEngine.UI:  -> 435ea300f6ea6646627f670b8b9884a1
  custom:scripting/precompiled-assembly-types:Unity.Mathematics.Editor:  -> 067e2f26d70b07279a04fc60a0f0bbd6
  custom:scripting/precompiled-assembly-types:Unity.2D.IK.Editor:  -> e3d97772a4bdb39570c653c83bcebd60
  custom:scripting/monoscript/fileName/TimelineAsset.cs:  -> 922c4504d3900c9d0f1009b93072bf15
  custom:scripting/precompiled-assembly-types:Unity.Collections.LowLevel.ILSupport:  -> fc98657c35e94db2b30cdf006548cc51
  custom:scripting/precompiled-assembly-types:Unity.TextMeshPro.Editor:  -> 46ffe279a7239cd1fb74eb9c5ab5b5d8
  custom:scripting/precompiled-assembly-types:Unity.VisualStudio.Editor:  -> 8196c7ff3a716df6975b114b464f1975
  custom:scripting/monoscript/fileName/HexagonalRuleTile.cs:  -> 06dd7fca2700fb4aaa03a7cd13f58833
  custom:scripting/precompiled-assembly-types:PsdPlugin:  -> e45729d552f17846bff33f77f53e4e2d
  custom:scripting/monoscript/fileName/ProbeVolume.cs:  -> c5dff5f16b984bc7f85121a44a60e634
  custom:scripting/monoscript/fileName/TrackAsset.cs:  -> 05c366eb01e12385210cbb2c784bc95b
  custom:scripting/precompiled-assembly-types:UnityEditor.TestRunner:  -> 1b08a5e3d69264f3b8177a3e839577fe
  custom:scripting/precompiled-assembly-types:Unity.TextMeshPro:  -> 59230975e8163396a463bd906828ec67
  custom:scripting/monoscript/fileName/TimelineWindow.cs:  -> 1ecae22b1c6d42e0f96084d9a8d5699a
  custom:scripting/precompiled-assembly-types:Assembly-CSharp:  -> 286fde1478d0c18795816b87189dc57e
  custom:scripting/precompiled-assembly-types:unityplastic:  -> 1b07f3d0d2a7bfbf691bf3af903a2067
  custom:scripting/precompiled-assembly-types:Unity.Rider.Editor:  -> 5769424f89eeee7d96f0de4802f34024
  custom:scripting/monoscript/fileName/VolumeComponent.cs:  -> 0ce2900bf4b52691e991c42d8d280291
  custom:scripting/precompiled-assembly-types:Unity.VisualScripting.Flow.Editor:  -> db5f2770bb05e70eb00d2307d36e9057
========================================================================
Received Prepare
Couldn't register non-exiting asset root folder: 'Assets'
Assertion failed on expression: 'success'
Trying to reload asset but can't find object on disk
Trying to reload asset but can't find object on disk
Trying to reload asset but can't find object on disk
Trying to reload asset but can't find object on disk
Trying to reload asset but can't find object on disk
Trying to reload asset but can't find object on disk
Trying to reload asset but can't find object on disk
Trying to reload asset but can't find object on disk
Trying to reload asset but can't find object on disk
Trying to reload asset but can't find object on disk
Trying to reload asset but can't find object on disk
Trying to reload asset but can't find object on disk
Trying to reload asset but can't find object on disk
Trying to reload asset but can't find object on disk
Trying to reload asset but can't find object on disk
Trying to reload asset but can't find object on disk
Trying to reload asset but can't find object on disk
Trying to reload asset but can't find object on disk
Trying to reload asset but can't find object on disk
Refreshing native plugins compatible for Editor in 4.96 ms, found 0 plugins.
Preloading 0 native plugins for Editor in 0.00 ms.
Unloading 1 Unused Serialized files (Serialized files now loaded: 0)
Unloading 2 unused Assets / (3.7 KB). Loaded Objects now: 4245.
Memory consumption went from 96.0 MB to 96.0 MB.
Total: 6.274000 ms (FindLiveObjects: 0.525900 ms CreateObjectMapping: 0.427300 ms MarkObjects: 5.277900 ms  DeleteObjects: 0.041600 ms)

Prepare: number of updated asset objects reloaded= 0
AssetImportParameters requested are different than current active one (requested -> active):
  custom:container-demuxer-ogg: 62fdf1f143b41e24485cea50d1cbac27 -> 
  custom:video-codec-MediaFoundation-h265: 746d11721c4dcdbdad8f713fa42b33f4 -> 
  custom:video-decoder-ogg-theora: a1e56fd34408186e4bbccfd4996cb3dc -> 
  custom:framework-win-MediaFoundation: 216162199b28c13a410421893ffa2e32 -> 
  custom:CustomObjectIndexerAttribute: 9a22284fe3817be447336de3de66b15e -> 
  custom:container-demuxer-webm: 4f35f7cbe854078d1ac9338744f61a02 -> 
  custom:container-muxer-webm: aa71ff27fc2769a1b78a27578f13a17b -> 
  custom:video-decoder-webm-vp8: 9c59270c3fd7afecdb556c50c9e8de78 -> 
  custom:SearchIndexIgnoredProperties: e643bd26f0fe6173181afceb89e7c659 -> 
  custom:AudioImporter_EditorPlatform: d09bf68614088b80899f8185d706f6e7 -> 
  custom:video-encoder-webm-vp8: eb34c28f22e8b96e1ab97ce403110664 -> 
  custom:scripting/monoscript/fileName/Bloom.cs: 6f6d579a64201b97313a62a1e91b3575 -> b8c0ed16b1659c8a0f6bd104e79dceca
  custom:audio-decoder-ogg-vorbis: bf7c407c2cedff20999df2af8eb42d56 -> 
  custom:audio-encoder-webm-vorbis: bf7c407c2cedff20999df2af8eb42d56 -> 
  custom:scripting/precompiled-assembly-types:Unity.2D.Aseprite.Common:  -> 6f32d9da0697a1bcfc71999c7b08d0ec
  custom:scripting/monoscript/fileName/Light2D.cs:  -> f0b28a36e02ac27aef5d2e66d7400709
  custom:scripting/precompiled-assembly-types:Unity.Postprocessing.Runtime:  -> 655cd018e42ac91ed9a03cfbdae17956
  custom:scripting/monoscript/fileName/DecalProjectorEditor.cs:  -> a081ef5bc6f5a3e296bdfd08ba042770
  custom:scripting/monoscript/fileName/AnimationPlayableAsset.cs:  -> 009db08c97e92a2c69986ab256d074e2
  custom:scripting/precompiled-assembly-types:Unity.PlasticSCM.Editor:  -> 81a0b26f77a1f55c0127919526bd3ad7
  custom:scripting/precompiled-assembly-types:Unity.Burst.Unsafe:  -> 4f83dd30d4d7964b63b36d2fe1e95684
  custom:scripting/precompiled-assembly-types:Unity.Performance.Profile-Analyzer.Editor:  -> e1bfc0e7188f9eeca54cb211a0aba1bc
  custom:scripting/precompiled-assembly-types:Unity.RenderPipelines.Core.Runtime:  -> 34799d0b1315b0c9def7321e7ce7313f
  custom:scripting/precompiled-assembly-types:Unity.VisualScripting.Core:  -> 0a21fb0e1386cc0544df7b99dc92b4ac
  custom:scripting/monoscript/fileName/AnimationTrack.cs:  -> 579258c150686ede8cacf1f75da21715
  custom:scripting/precompiled-assembly-types:Unity.Postprocessing.Editor:  -> 23b49e25b965492466cd147d7735360a
  custom:scripting/precompiled-assembly-types:Unity.VisualScripting.State.Editor:  -> bfd19d10497364660dabdb7b0dffedf3
  custom:scripting/precompiled-assembly-types:Unity.ShaderGraph.Utilities:  -> a5f5ab80340e2d79f4dddb9a842c37b5
  custom:scripting/precompiled-assembly-types:Unity.2D.Animation.Runtime:  -> c5a779a77c2d42d8b5127733d4623da4
  custom:scripting/precompiled-assembly-types:Unity.Burst.Editor:  -> 1bb453082d9d949b60d566d3187c97d1
  custom:scripting/precompiled-assembly-types:Unity.VisualScripting.State:  -> a1b84a027925ee482b6dab13e9d110f3
  custom:scripting/precompiled-assembly-types:Unity.VisualScripting.SettingsProvider.Editor:  -> 41414d03caeb8d6946e082e3faf34ce7
  custom:scripting/precompiled-assembly-types:Unity.2D.Psdimporter.Editor:  -> ed563be6c9b4eabe02cd35dbfcc1f959
  custom:scripting/precompiled-assembly-types:Unity.Burst.CodeGen:  -> 16c6c1c8fc0531945282884ffe84c4a6
  custom:scripting/precompiled-assembly-types:Unity.2D.Tilemap.Extras:  -> 9722aa6e48a25d628be73e787a5a1bb9
  custom:scripting/precompiled-assembly-types:Unity.2D.Common.Editor:  -> 7cbb781a6c9c3533080bdeaa9f578bb7
  custom:scripting/precompiled-assembly-types:Unity.Collections.DocCodeSamples:  -> 23ba9e0c5ef3e46a6ff4f5179d85b4a5
  custom:scripting/precompiled-assembly-types:Unity.TestTools.CodeCoverage.Editor.OpenCover.Model:  -> 392eba37ada58ebddffce0d6be5344c8
  custom:scripting/monoscript/fileName/IsometricRuleTile.cs:  -> 226477e0fda8299a797033f4381d7b8f
  custom:scripting/precompiled-assembly-types:Unity.2D.Aseprite.Editor:  -> b57003f273bf767ae876952d8d641328
  custom:scripting/monoscript/fileName/TextMeshPro.cs:  -> 0cfab9de2f927cf0a5e3dc6276498acd
  custom:scripting/precompiled-assembly-types:Unity.2D.PixelPerfect.Editor:  -> d365ac89282f9008a657a17834ac65e3
  custom:scripting/precompiled-assembly-types:Unity.2D.Sprite.Editor:  -> 17bc6c182f43764addce77b58cdd60c9
  custom:scripting/precompiled-assembly-types:Unity.Burst.Cecil.Pdb:  -> 542ee58f25ed060f438b710d2d8b4fbd
  custom:scripting/precompiled-assembly-types:Unity.2D.PixelPerfect:  -> b4d87180cdb666d4e563f0feb63adff6
  custom:scripting/precompiled-assembly-types:Unity.RenderPipelines.Universal.Config.Runtime:  -> d6ce9a11b3babd692318c3e48b3807d6
  custom:scripting/precompiled-assembly-types:Unity.Burst:  -> 813d3b3d85b4f226cca91b96115edc25
  custom:scripting/precompiled-assembly-types:Unity.TestTools.CodeCoverage.Editor:  -> d149527e5c885a7c3085f4e656316fb7
  custom:scripting/precompiled-assembly-types:ReportGeneratorMerged:  -> a1824cb2563ee3a5abc6d3e314b6fbb6
  custom:scripting/precompiled-assembly-types:Unity.CollabProxy.Editor:  -> 719513884e06ae88ec6448b0e7ccc543
  custom:scripting/precompiled-assembly-types:Unity.2D.Common.Runtime:  -> d57b2527d87b399232fb649a533f9748
  custom:scripting/precompiled-assembly-types:Unity.Timeline.Editor:  -> 534d7c71c4dd9147ea00599cede121e1
  custom:scripting/precompiled-assembly-types:Unity.RenderPipelines.ShaderGraph.ShaderGraphLibrary:  -> 2b0f70078629f68eaf72bd5c996d479d
  custom:scripting/precompiled-assembly-types:Unity.2D.Common.Path.Editor:  -> 67ef6a7d0ffe69b88d4a058454e0baa3
  custom:scripting/precompiled-assembly-types:Unity.RenderPipelines.Core.ShaderLibrary:  -> 3c0b64ed630330ed2a6537a9f18dabb5
  custom:scripting/precompiled-assembly-types:Unity.EditorCoroutines.Editor:  -> 939c1390cec4719064bc8982808f80e1
  custom:scripting/monoscript/fileName/FullScreenPassRendererFeature.cs:  -> ebbbef44b80ef5732dbfca6477a48ee1
  custom:scripting/precompiled-assembly-types:Unity.Collections.BurstCompatibilityGen:  -> d26056d813c945132a21ff9f8750c98e
  custom:scripting/precompiled-assembly-types:Unity.RenderPipelines.Core.Editor:  -> f8860ff5929cb85b004a64116af8e0c7
  custom:scripting/precompiled-assembly-types:Unity.RenderPipelines.Universal.Runtime:  -> 55c87f5fdcce422ef1daf5674c68ad98
  custom:scripting/monoscript/fileName/DebugState.cs:  -> 08c6f080780f0e58ab66c0a3e8c209e4
  custom:scripting/precompiled-assembly-types:Unity.RenderPipelines.Universal.Editor:  -> 9a06bed1f57a6e45937901ff06cb7a39
  custom:scripting/monoscript/fileName/UniversalRenderPipelineGlobalSettings.cs:  -> a3b6b54d248ff08b86fefeb4768df907
  custom:scripting/precompiled-assembly-types:Unity.ShaderGraph.Editor:  -> c1525a57fcc0975bebd8e69021b1ccd9
  custom:scripting/precompiled-assembly-types:Unity.2D.Tilemap.Editor:  -> c63f35b4be2093bcf46770a8fbd6e1fe
  custom:scripting/precompiled-assembly-types:Unity.Burst.Cecil.Mdb:  -> 267a0ac2928f725ab1cc9882bbfb898d
  custom:scripting/precompiled-assembly-types:Unity.Mathematics:  -> eda48956a0bece48f802264722748d9b
  custom:scripting/precompiled-assembly-types:Unity.2D.SpriteShape.Runtime:  -> 7951efc3114d3b5dd81068bf56c35699
  custom:scripting/monoscript/fileName/AsepriteImporter.cs:  -> 75abe4fbe831928e105d619d45f5475b
  custom:scripting/precompiled-assembly-types:UnityEditor.UI:  -> 6bae215471362000d6dbd3e0ee304a50
  custom:scripting/precompiled-assembly-types:JetBrains.Rider.PathLocator:  -> cc0f6b5fd89737b9c88f7fff1881167a
  custom:scripting/monoscript/fileName/TimelineAssetViewModel.cs:  -> 18a79fa063972d49f8538ad72ae7e75c
  custom:scripting/precompiled-assembly-types:log4net:  -> 019978558686b3dbe60f5be7e8a69682
  custom:scripting/precompiled-assembly-types:Unity.VisualScripting.TextureAssets:  -> c56209796e0bbe0cf0954c819164de90
  custom:scripting/precompiled-assembly-types:Unity.Timeline:  -> b058d380530d91aefff3cf869316d3f0
  custom:scripting/precompiled-assembly-types:Unity.TestTools.CodeCoverage.Editor.OpenCover.Mono.Reflection:  -> 0065f084a5e0ee2eda32260040c06f1b
  custom:scripting/precompiled-assembly-types:Unity.InternalAPIEngineBridge.001:  -> 727c2dd33fd9ba33b3b36d8b0abec3e5
  custom:scripting/precompiled-assembly-types:Unity.Searcher.Editor:  -> 6e08cc58a0d3846aad56b26936b9a264
  custom:scripting/precompiled-assembly-types:Unity.VisualScripting.Shared.Editor:  -> b1bd646cbd56acfef4597dda0faf849f
  custom:scripting/precompiled-assembly-types:Unity.2D.IK.Runtime:  -> 834d071a903607973ce53cf2b60adb28
  custom:scripting/precompiled-assembly-types:Unity.Burst.Cecil.Rocks:  -> 437ffcd7628e1436004701f82021574b
  custom:scripting/precompiled-assembly-types:nunit.framework:  -> de9c6147ae45b4e3446d0e562fb3bbe3
  custom:scripting/precompiled-assembly-types:Unity.Plastic.Newtonsoft.Json:  -> c587937513b02a3c784dfd4229f1b707
  custom:scripting/precompiled-assembly-types:Unity.2D.SpriteShape.Editor:  -> cbc7af36169d11bf1609bbe7544dfc2f
  custom:scripting/precompiled-assembly-types:Unity.Plastic.Antlr3.Runtime:  -> 6770513df7cfb4050a1e6f0a02312f5b
  custom:scripting/precompiled-assembly-types:Unity.VisualScripting.Core.Editor:  -> 39597c0f3a76e24d87d64afa59c5f88d
  custom:scripting/monoscript/fileName/RuleTile.cs:  -> f5f493643c39cafead8f05df075b38cf
  custom:scripting/monoscript/fileName/TextMeshProUGUI.cs:  -> b783d06a82b0620f102e3253b4b9fc9b
  custom:scripting/precompiled-assembly-types:UnityEngine.TestRunner:  -> f5758234275f5346968d00e3b1a1c0e4
  custom:scripting/precompiled-assembly-types:Unity.Settings.Editor:  -> beb7650f4acfb920369c4b53d5d1d8a0
  custom:scripting/precompiled-assembly-types:Unity.RenderPipeline.Universal.ShaderLibrary:  -> 688645a35edb23da7def5447ad2ad7ae
  custom:scripting/precompiled-assembly-types:Unity.2D.Tilemap.Extras.Editor:  -> 5ad91861b07fefd995e74ac55c89582d
  custom:scripting/precompiled-assembly-types:PPv2URPConverters:  -> e545c64fad5560733cc56a1e9e779470
  custom:scripting/precompiled-assembly-types:Unity.VisualScripting.YamlDotNet:  -> 42147c7a78dea3b36998a42e40ee1ca1
  custom:scripting/precompiled-assembly-types:Unity.Burst.Cecil:  -> 997689720027a6523ba4efde94923b20
  custom:scripting/precompiled-assembly-types:Unity.RenderPipelines.Universal.Shaders:  -> a1e6537565ab46852e5d3bec24d03953
  custom:scripting/precompiled-assembly-types:Unity.2D.Animation.Editor:  -> 74fa7dfffd5b4b9325009aca31459872
  custom:scripting/monoscript/fileName/UniversalRenderPipelineAsset.cs:  -> 44d29cff0a5d058e760518e1729b9f3e
  custom:scripting/monoscript/fileName/PSDImporter.cs:  -> 426789f17a6318790dfce4403b2d57e3
  custom:scripting/precompiled-assembly-types:Unity.VisualScripting.Antlr3.Runtime:  -> faf423e1a2226361a83dad1da848e5b7
  custom:scripting/precompiled-assembly-types:Unity.Collections:  -> 3ed35f6c42a4ff122eae303a72eec4b3
  custom:scripting/monoscript/fileName/Renderer2DData.cs:  -> f8a889de7b6a22494c8bf8e627a325bf
  custom:scripting/precompiled-assembly-types:Unity.VSCode.Editor:  -> ce0f8be6c84057ddac8877610b9e6a0a
  custom:scripting/monoscript/fileName/DisplayWindow.cs:  -> 5fbb58f67d9ef9189379b30fc85923ba
  custom:scripting/precompiled-assembly-types:Unity.VisualScripting.IonicZip:  -> cbdf74419b68ead93c00ca698cf31212
  custom:scripting/monoscript/fileName/IKManager2D.cs:  -> 3556a5b41605dae06bbc257d2027da25
  custom:scripting/precompiled-assembly-types:Unity.InternalAPIEditorBridge.001:  -> e4407bd12e2eb7ef8549b7340de38282
  custom:scripting/precompiled-assembly-types:Unity.VisualScripting.Flow:  -> bc99c07bfe2ca209f1879006fb72d2cd
  custom:scripting/precompiled-assembly-types:UnityEngine.UI:  -> 435ea300f6ea6646627f670b8b9884a1
  custom:scripting/precompiled-assembly-types:Unity.Mathematics.Editor:  -> 067e2f26d70b07279a04fc60a0f0bbd6
  custom:scripting/precompiled-assembly-types:Unity.2D.IK.Editor:  -> e3d97772a4bdb39570c653c83bcebd60
  custom:scripting/monoscript/fileName/TimelineAsset.cs:  -> 922c4504d3900c9d0f1009b93072bf15
  custom:scripting/precompiled-assembly-types:Unity.Collections.LowLevel.ILSupport:  -> fc98657c35e94db2b30cdf006548cc51
  custom:scripting/precompiled-assembly-types:Unity.TextMeshPro.Editor:  -> 46ffe279a7239cd1fb74eb9c5ab5b5d8
  custom:scripting/precompiled-assembly-types:Unity.VisualStudio.Editor:  -> 8196c7ff3a716df6975b114b464f1975
  custom:scripting/monoscript/fileName/HexagonalRuleTile.cs:  -> 06dd7fca2700fb4aaa03a7cd13f58833
  custom:scripting/precompiled-assembly-types:PsdPlugin:  -> e45729d552f17846bff33f77f53e4e2d
  custom:scripting/monoscript/fileName/ProbeVolume.cs:  -> c5dff5f16b984bc7f85121a44a60e634
  custom:scripting/monoscript/fileName/TrackAsset.cs:  -> 05c366eb01e12385210cbb2c784bc95b
  custom:scripting/precompiled-assembly-types:UnityEditor.TestRunner:  -> 1b08a5e3d69264f3b8177a3e839577fe
  custom:scripting/precompiled-assembly-types:Unity.TextMeshPro:  -> 59230975e8163396a463bd906828ec67
  custom:scripting/monoscript/fileName/TimelineWindow.cs:  -> 1ecae22b1c6d42e0f96084d9a8d5699a
  custom:scripting/precompiled-assembly-types:Assembly-CSharp:  -> 286fde1478d0c18795816b87189dc57e
  custom:scripting/precompiled-assembly-types:unityplastic:  -> 1b07f3d0d2a7bfbf691bf3af903a2067
  custom:scripting/precompiled-assembly-types:Unity.Rider.Editor:  -> 5769424f89eeee7d96f0de4802f34024
  custom:scripting/monoscript/fileName/VolumeComponent.cs:  -> 0ce2900bf4b52691e991c42d8d280291
  custom:scripting/precompiled-assembly-types:Unity.VisualScripting.Flow.Editor:  -> db5f2770bb05e70eb00d2307d36e9057
